2025-07-10 21:39:31,448 - __main__ - INFO - ==================================================
2025-07-10 21:39:31,448 - __main__ - INFO - 应用程序启动 - 日志系统初始化完成
2025-07-10 21:39:31,448 - __main__ - INFO - 日志文件路径: D:\pythonProject\generateTestCases\logs\app_20250710_213931.log
2025-07-10 21:39:31,448 - __main__ - INFO - ==================================================
2025-07-10 21:39:31,451 - __main__ - INFO - 启动 frpc: D:\pythonProject\generateTestCases\frpc.exe -c D:\pythonProject\generateTestCases\frpc.toml
2025-07-10 21:39:31,510 - __main__ - INFO - frpc 启动成功
2025-07-10 21:39:31,577 - main - INFO - ==================================================
2025-07-10 21:39:31,577 - main - INFO - 应用程序启动 - 日志系统初始化完成
2025-07-10 21:39:31,577 - main - INFO - 日志文件路径: D:\pythonProject\generateTestCases\logs\app_20250710_213931.log
2025-07-10 21:39:31,577 - main - INFO - ==================================================
2025-07-10 21:39:31,587 - uvicorn.error - INFO - Started server process [16600]
2025-07-10 21:39:31,588 - uvicorn.error - INFO - Waiting for application startup.
2025-07-10 21:39:31,588 - uvicorn.error - INFO - Application startup complete.
2025-07-10 21:39:31,589 - uvicorn.error - INFO - Uvicorn running on http://0.0.0.0:8080 (Press CTRL+C to quit)
2025-07-10 21:39:41,886 - main - INFO - 收到飞书请求，document_id=HuGxdTBuSoIGPLxyVFxcYQlrnNd
2025-07-10 21:39:47,062 - feishu_api - ERROR - 请求飞书文档块出错: 
2025-07-10 21:39:47,062 - feishu_api - ERROR - 获取飞书文档块失败: 请求飞书文档块时网络错误
2025-07-10 21:39:47,062 - main - ERROR - 生成测试用例失败
Traceback (most recent call last):
  File "D:\pythonProject\venv\Lib\site-packages\httpx\_transports\default.py", line 101, in map_httpcore_exceptions
    yield
  File "D:\pythonProject\venv\Lib\site-packages\httpx\_transports\default.py", line 394, in handle_async_request
    resp = await self._pool.handle_async_request(req)
           ^^^^^^^^^^^^^^^^^^^^^^^^^^^^^^^^^^^^^^^^^^
  File "D:\pythonProject\venv\Lib\site-packages\httpcore\_async\connection_pool.py", line 256, in handle_async_request
    raise exc from None
  File "D:\pythonProject\venv\Lib\site-packages\httpcore\_async\connection_pool.py", line 236, in handle_async_request
    response = await connection.handle_async_request(
               ^^^^^^^^^^^^^^^^^^^^^^^^^^^^^^^^^^^^^^
  File "D:\pythonProject\venv\Lib\site-packages\httpcore\_async\http_proxy.py", line 316, in handle_async_request
    stream = await stream.start_tls(**kwargs)
             ^^^^^^^^^^^^^^^^^^^^^^^^^^^^^^^^
  File "D:\pythonProject\venv\Lib\site-packages\httpcore\_async\http11.py", line 376, in start_tls
    return await self._stream.start_tls(ssl_context, server_hostname, timeout)
           ^^^^^^^^^^^^^^^^^^^^^^^^^^^^^^^^^^^^^^^^^^^^^^^^^^^^^^^^^^^^^^^^^^^
  File "D:\pythonProject\venv\Lib\site-packages\httpcore\_backends\anyio.py", line 67, in start_tls
    with map_exceptions(exc_map):
  File "C:\Users\HUAWEI\AppData\Local\Programs\Python\Python311\Lib\contextlib.py", line 155, in __exit__
    self.gen.throw(typ, value, traceback)
  File "D:\pythonProject\venv\Lib\site-packages\httpcore\_exceptions.py", line 14, in map_exceptions
    raise to_exc(exc) from exc
httpcore.ConnectTimeout

The above exception was the direct cause of the following exception:

Traceback (most recent call last):
  File "D:\pythonProject\generateTestCases\feishu_api.py", line 21, in fetch_all_blocks
    resp = await client.get(url, headers=headers, params=params)
           ^^^^^^^^^^^^^^^^^^^^^^^^^^^^^^^^^^^^^^^^^^^^^^^^^^^^^
  File "D:\pythonProject\venv\Lib\site-packages\httpx\_client.py", line 1768, in get
    return await self.request(
           ^^^^^^^^^^^^^^^^^^^
  File "D:\pythonProject\venv\Lib\site-packages\httpx\_client.py", line 1540, in request
    return await self.send(request, auth=auth, follow_redirects=follow_redirects)
           ^^^^^^^^^^^^^^^^^^^^^^^^^^^^^^^^^^^^^^^^^^^^^^^^^^^^^^^^^^^^^^^^^^^^^^
  File "D:\pythonProject\venv\Lib\site-packages\httpx\_client.py", line 1629, in send
    response = await self._send_handling_auth(
               ^^^^^^^^^^^^^^^^^^^^^^^^^^^^^^^
  File "D:\pythonProject\venv\Lib\site-packages\httpx\_client.py", line 1657, in _send_handling_auth
    response = await self._send_handling_redirects(
               ^^^^^^^^^^^^^^^^^^^^^^^^^^^^^^^^^^^^
  File "D:\pythonProject\venv\Lib\site-packages\httpx\_client.py", line 1694, in _send_handling_redirects
    response = await self._send_single_request(request)
               ^^^^^^^^^^^^^^^^^^^^^^^^^^^^^^^^^^^^^^^^
  File "D:\pythonProject\venv\Lib\site-packages\httpx\_client.py", line 1730, in _send_single_request
    response = await transport.handle_async_request(request)
               ^^^^^^^^^^^^^^^^^^^^^^^^^^^^^^^^^^^^^^^^^^^^^
  File "D:\pythonProject\venv\Lib\site-packages\httpx\_transports\default.py", line 393, in handle_async_request
    with map_httpcore_exceptions():
  File "C:\Users\HUAWEI\AppData\Local\Programs\Python\Python311\Lib\contextlib.py", line 155, in __exit__
    self.gen.throw(typ, value, traceback)
  File "D:\pythonProject\venv\Lib\site-packages\httpx\_transports\default.py", line 118, in map_httpcore_exceptions
    raise mapped_exc(message) from exc
httpx.ConnectTimeout

During handling of the above exception, another exception occurred:

Traceback (most recent call last):
  File "D:\pythonProject\generateTestCases\feishu_api.py", line 150, in get_feishu_doc_content
    blocks = await fetch_all_blocks(document_id, user_access_token)
             ^^^^^^^^^^^^^^^^^^^^^^^^^^^^^^^^^^^^^^^^^^^^^^^^^^^^^^
  File "D:\pythonProject\generateTestCases\feishu_api.py", line 26, in fetch_all_blocks
    raise RuntimeError("请求飞书文档块时网络错误")
RuntimeError: 请求飞书文档块时网络错误

During handling of the above exception, another exception occurred:

Traceback (most recent call last):
  File "D:\pythonProject\generateTestCases\main.py", line 136, in generate_testcases_api
    result = await get_feishu_doc_content(request_data.document_id, request_data.user_access_token)
             ^^^^^^^^^^^^^^^^^^^^^^^^^^^^^^^^^^^^^^^^^^^^^^^^^^^^^^^^^^^^^^^^^^^^^^^^^^^^^^^^^^^^^^
  File "D:\pythonProject\generateTestCases\feishu_api.py", line 153, in get_feishu_doc_content
    raise RuntimeError("获取飞书文档内容失败")
RuntimeError: 获取飞书文档内容失败
2025-07-10 21:39:56,916 - main - INFO - 收到飞书请求，document_id=HuGxdTBuSoIGPLxyVFxcYQlrnNd
2025-07-10 21:39:57,263 - httpx - INFO - HTTP Request: GET https://open.feishu.cn/open-apis/docx/v1/documents/HuGxdTBuSoIGPLxyVFxcYQlrnNd/blocks?limit=100 "HTTP/1.1 200 OK"
2025-07-10 21:39:57,750 - httpx - INFO - HTTP Request: GET https://open.feishu.cn/open-apis/drive/v1/medias/batch_get_tmp_download_url?file_tokens=TgEKbWEBAo8NLixzkxMchwptnpg "HTTP/1.1 200 OK"
2025-07-10 21:39:58,142 - httpx - INFO - HTTP Request: GET https://open.feishu.cn/open-apis/drive/v1/medias/batch_get_tmp_download_url?file_tokens=SkDEbgOKsoteNwxRDY1cvMAjndf "HTTP/1.1 200 OK"
2025-07-10 21:39:58,546 - httpx - INFO - HTTP Request: GET https://open.feishu.cn/open-apis/drive/v1/medias/batch_get_tmp_download_url?file_tokens=Y1zAbRUnxowpqyxEkfKc1t3Mnph "HTTP/1.1 200 OK"
2025-07-10 21:39:58,921 - httpx - INFO - HTTP Request: GET https://open.feishu.cn/open-apis/drive/v1/medias/batch_get_tmp_download_url?file_tokens=FmJybjFF3o2UVSxDTtbcGSdRnXd "HTTP/1.1 200 OK"
2025-07-10 21:39:59,306 - httpx - INFO - HTTP Request: GET https://open.feishu.cn/open-apis/drive/v1/medias/batch_get_tmp_download_url?file_tokens=IehHb80ino8l8Tx6VHAciwJwnse "HTTP/1.1 200 OK"
2025-07-10 21:39:59,309 - main - INFO - 提取的 PRD 文本:
## B端产品登录功能需求文档范文

### 1.1 功能概述

1.1.1 业务流程图

![image](https://internal-api-drive-stream.feishu.cn/space/api/box/stream/download/authcode/?code=YTc5ZjBlYjUxMzU2ZmM2NjU5MTY5NjdhNmVhNjc1M2NfOTU4ZWFmMWEyNjQ2NmJlZDIwNDAyMDQwZGVkNWI2NzJfSUQ6NzUyNDkzMzk1NzAyMTIzNzI1Ml8xNzUyMTU0Nzk2OjE3NTIyNDExOTZfVjM)

1.1.2 功能架构

### 1.2 功能说明

1.2.1 账号登录

1.2.1.1 业务流程

用户打开登录网址进入登录页面；

输入登录账号、密码、验证码进行登录；

1.2.1.2 页面原型

![image](https://internal-api-drive-stream.feishu.cn/space/api/box/stream/download/authcode/?code=ZjYzNDY4NTA1MjYxZGUxYjE4ZWI4NWQ3OTY1ODM5YzhfZTMxZGY0MWZiZDcxNTY5MjAxNTdkMzk5YWFhYzdlMTJfSUQ6NzUyNDkzMzk1Mzk3MjIyNDAwMl8xNzUyMTU0Nzk3OjE3NTIyNDExOTdfVjM)

1.2.1.3 逻辑说明

账号输入框：输入账号后显示清空操作按钮，点击清空按钮清空已输入的账号；

密码输入框：输入密码后显示密码明文查看按钮及清空按钮，鼠标按下明文查看按钮密码明文展示，鼠标松开后密文展示，点击清空按钮清空已输入密码；

验证码：验证码为4位随机的大写英文字母，单击验证码展示区域刷新验证码，验证码有效期为60秒；

所有输入框获取焦点时提示文字消失且边框变为绿色，失去焦点时恢复原状；

【登录】按钮：点击【登录】按钮时依次校验登录账号、密码、验证码，若某一项校验出问题则在对应输入框下方红字提醒用户错误原因，全部校验通过则成功登录并进入系统首页；

【找回密码】按钮：点击【找回密码】按钮跳转至找回密码页面；

账号首次成功登录时弹窗提示账号首次登录时需修改初始密码，点击【确定】按钮跳转至修改初始密码页面，初始密码修改后需要重新输入账号、密码、验证码进行登录；

1.2.2 重置初始密码

1.2.2.1 业务流程

用户初次成功登录账号后弹窗提示用户修改初始密码；

点击弹窗的【确定】按钮后页面跳转至重置初始密码页面；

1.2.2.2 页面原型

![image](https://internal-api-drive-stream.feishu.cn/space/api/box/stream/download/authcode/?code=NjA0NmU4Yzg1NjUzZWYyNTk5ODQ3M2I1Yzc3ZjQwOWFfZDUxMDgyMDZiMjcxNGUxOGJkZThmMWQyNTZhNzBjMDNfSUQ6NzUyNDkzMzk1NTY1NDg3NzE4Nl8xNzUyMTU0Nzk3OjE3NTIyNDExOTdfVjM)

1.2.2.3 业务逻辑

新密码输入框：输入密码后显示密码明文查看按钮及清空按钮，鼠标按下明文查看按钮密码明文展示，鼠标松开后密文展示，点击清空按钮清空已输入密码；

确认密码：输入密码后显示密码明文查看按钮及清空按钮，鼠标按下明文查看按钮密码明文展示，鼠标松开后密文展示，点击清空按钮清空已输入密码；

验证码：点击【获取验证码】按钮向登录账号绑定手机号发送6位随机数字验证码，验证码已发送后【获取验证码】按钮展示60秒倒计时，倒计时结束后恢复原状，验证码有效期为60秒；

所有输入框获取焦点时提示文字消失且输入框边框变为绿色，失去焦点时恢复原状；

【取消】按钮：点击【取消】按钮取消修改初始密码，返回至登录页面；

【提交】按钮：点击【提交】按钮依次校验密码、验证码，若某一项校验出问题则在对应输入框下方红字提醒用户错误原因，全部校验通过则提示重置密码成功，然后返回至登录页面；

1.2.3 找回密码

1.2.3.1 业务流程

用户打开登录网址进入登录页面；

忘记登录密码后在登录页面页面点击【找回密码】按钮进入找回密码页面；

1.2.3.2 页面原型

![image](https://internal-api-drive-stream.feishu.cn/space/api/box/stream/download/authcode/?code=MTBkOWRhYTU0YWRhNDRjZjAwNDYxYjQxNmE4OWFkZjhfZjhiYTJmNjYyYjUyMWY2ZGY1NGExMDg2NTU0M2UyOTdfSUQ6NzUyNDkzMzk1MzM5NTAxNTcwOF8xNzUyMTU0Nzk3OjE3NTIyNDExOTdfVjM)

1.2.3.3 业务逻辑

新密码输入框：输入密码后显示密码明文查看按钮及清空按钮，鼠标按下明文查看按钮密码明文展示，鼠标松开后密文展示，点击清空按钮清空已输入密码；

确认密码：输入密码后显示密码明文查看按钮及清空按钮，鼠标按下明文查看按钮密码明文展示，鼠标松开后密文展示，点击清空按钮清空已输入密码；

验证码：点击【获取验证码】按钮向登录账号绑定手机号发送6位随机数字验证码，验证码已发送后【获取验证码】按钮展示60秒倒计时，倒计时结束后恢复原状，验证码有效期为60秒；

所有输入框获取焦点时提示文字消失且输入框边框变为绿色，失去焦点时恢复原状；

【取消】按钮：点击【取消】按钮取消修改初始密码，返回至登录页面；

【提交】按钮：点击【提交】按钮依次校验密码、验证码，若某一项校验出问题则在对应输入框下方红字提醒用户错误原因，全部校验通过则提示重置密码成功，然后返回至登录页面；

1.2.4 修改密码

1.2.4.1 业务流程

用户成功登录账号；

在我的页面选择修改密码进入修改密码页面；

1.2.4.2 页面原型

![image](https://internal-api-drive-stream.feishu.cn/space/api/box/stream/download/authcode/?code=MDdjYWZmNTIwZDI1MzBhY2RiOTVhZGQ1OTJlMzQyNTRfYjI2NDBkYTFiMTE0MzNkNWVlZWE1ZDdhZDFiMmQzMWVfSUQ6NzUyNDkzMzk1NzE1OTM1NDM5Nl8xNzUyMTU0Nzk4OjE3NTIyNDExOThfVjM)

1.2.4.3 业务逻辑

原密码输入框：输入密码后显示密码明文查看按钮及清空按钮，鼠标按下明文查看按钮密码明文展示，鼠标松开后密文展示，点击清空按钮清空已输入密码；

新密码输入框：输入密码后显示密码明文查看按钮及清空按钮，鼠标按下明文查看按钮密码明文展示，鼠标松开后密文展示，点击清空按钮清空已输入密码；

确认密码：输入密码后显示密码明文查看按钮及清空按钮，鼠标按下明文查看按钮密码明文展示，鼠标松开后密文展示，点击清空按钮清空已输入密码；

验证码：点击【获取验证码】按钮向登录账号绑定手机号发送6位随机数字验证码，验证码已发送后【获取验证码】按钮展示60秒倒计时，倒计时结束后恢复原状，验证码有效期为60秒；

所有输入框获取焦点时提示文字消失且输入框边框变为绿色，失去焦点时恢复原状；

【取消】按钮：点击【取消】按钮取消修改密码，返回至我的页面；

【提交】按钮：点击【提交】按钮依次校验密码、验证码，若某一项校验出问题则在对应输入框下方红字提醒用户错误原因，全部校验通过则提示重置密码成功；


2025-07-10 21:39:59,310 - main - INFO - 开始调用图谱生成测试用例
2025-07-10 21:39:59,318 - langgraph_use2 - INFO - [Step 1] 开始处理图像内容
2025-07-10 21:39:59,318 - langgraph_use2 - INFO - [Step 1] 发现 5 张图片，开始识别...
2025-07-10 21:39:59,320 - langgraph_use2 - INFO -   处理图片 1/5: https://internal-api-drive-stream.feishu.cn/space/...
2025-07-10 21:39:59,960 - httpx - INFO - HTTP Request: POST https://ark.cn-beijing.volces.com/api/v3/chat/completions "HTTP/1.1 400 Bad Request"
2025-07-10 21:39:59,963 - langgraph_use2 - WARNING -   图片尺寸过大，使用替代描述: https://internal-api-drive-stream.feishu.cn/space/api/box/stream/download/authcode/?code=YTc5ZjBlYjUxMzU2ZmM2NjU5MTY5NjdhNmVhNjc1M2NfOTU4ZWFmMWEyNjQ2NmJlZDIwNDAyMDQwZGVkNWI2NzJfSUQ6NzUyNDkzMzk1NzAyMTIzNzI1Ml8xNzUyMTU0Nzk2OjE3NTIyNDExOTZfVjM
2025-07-10 21:39:59,963 - langgraph_use2 - INFO -   处理图片 2/5: https://internal-api-drive-stream.feishu.cn/space/...
2025-07-10 21:40:06,196 - httpx - INFO - HTTP Request: POST https://ark.cn-beijing.volces.com/api/v3/chat/completions "HTTP/1.1 200 OK"
2025-07-10 21:40:06,198 - langgraph_use2 - INFO -   处理图片 3/5: https://internal-api-drive-stream.feishu.cn/space/...
2025-07-10 21:40:11,388 - httpx - INFO - HTTP Request: POST https://ark.cn-beijing.volces.com/api/v3/chat/completions "HTTP/1.1 200 OK"
2025-07-10 21:40:11,390 - langgraph_use2 - INFO -   处理图片 4/5: https://internal-api-drive-stream.feishu.cn/space/...
2025-07-10 21:40:17,408 - httpx - INFO - HTTP Request: POST https://ark.cn-beijing.volces.com/api/v3/chat/completions "HTTP/1.1 200 OK"
2025-07-10 21:40:17,409 - langgraph_use2 - INFO -   处理图片 5/5: https://internal-api-drive-stream.feishu.cn/space/...
2025-07-10 21:40:21,689 - httpx - INFO - HTTP Request: POST https://ark.cn-beijing.volces.com/api/v3/chat/completions "HTTP/1.1 200 OK"
2025-07-10 21:40:21,693 - langgraph_use2 - INFO - [Step 1] 图像处理完成，共处理 5 张图片
2025-07-10 21:40:21,693 - langgraph_use2 - INFO - ## B端产品登录功能需求文档范文

### 1.1 功能概述

1.1.1 业务流程图

【图像描述】页面结构示意图

1.1.2 功能架构

### 1.2 功能说明

1.2.1 账号登录

1.2.1.1 业务流程

用户打开登录网址进入登录页面；

输入登录账号、密码、验证码进行登录；

1.2.1.2 页面原型

【图像描述】### 登录模块
1. **模块名：登录界面**
    - **步骤1**：用户进入登录页
    - **步骤2**：输入登录账号（账号输入框：输入账号）
    - **步骤3**：输入登录密码（密码输入框：输入密码，可切换显示/隐藏）
    - **步骤4**：输入验证码（验证码输入框：输入验证码，点击“获取验证码”获取）
    - **步骤5**：点击“登录”按钮（登录按钮：点击后触发登录验证）
    - **关键控件**：账号输入框、密码输入框（可切换显示/隐藏）、验证码输入框、获取验证码按钮、登录按钮
    - **状态提示**：无明确提示描述

### 注册模块
1. **模块名：注册界面**
    - **步骤1**：用户进入注册页
    - **步骤2**：输入登录账号（账号输入框：输入账号）
    - **步骤3**：输入登录密码（密码输入框：输入密码）
    - **步骤4**：确认密码（确认密码输入框：再次输入密码）
    - **步骤5**：输入验证码（验证码输入框：输入验证码，点击“获取验证码”获取）
    - **步骤6**：点击“提交”按钮（提交按钮：点击后触发注册验证）
    - **关键控件**：账号输入框、密码输入框、确认密码输入框、验证码输入框、获取验证码按钮、提交按钮、取消按钮
    - **状态提示**：
        - 密码输入框下方提示：“至少8位字母、小写、大写、数字组合，网络中心全小写”
        - 确认密码输入框下方提示：“重复输入密码，网络中心全小写”

### 首次登录模块
1. **模块名：首次登录提示界面**
    - **步骤1**：用户首次登录触发提示
    - **关键控件**：确认按钮
    - **状态提示**：提示框显示“账号首次登录时需要重置初始密码！”，点击“确认”按钮（确认按钮：点击后进行密码重置）

1.2.1.3 逻辑说明

账号输入框：输入账号后显示清空操作按钮，点击清空按钮清空已输入的账号；

密码输入框：输入密码后显示密码明文查看按钮及清空按钮，鼠标按下明文查看按钮密码明文展示，鼠标松开后密文展示，点击清空按钮清空已输入密码；

验证码：验证码为4位随机的大写英文字母，单击验证码展示区域刷新验证码，验证码有效期为60秒；

所有输入框获取焦点时提示文字消失且边框变为绿色，失去焦点时恢复原状；

【登录】按钮：点击【登录】按钮时依次校验登录账号、密码、验证码，若某一项校验出问题则在对应输入框下方红字提醒用户错误原因，全部校验通过则成功登录并进入系统首页；

【找回密码】按钮：点击【找回密码】按钮跳转至找回密码页面；

账号首次成功登录时弹窗提示账号首次登录时需修改初始密码，点击【确定】按钮跳转至修改初始密码页面，初始密码修改后需要重新输入账号、密码、验证码进行登录；

1.2.2 重置初始密码

1.2.2.1 业务流程

用户初次成功登录账号后弹窗提示用户修改初始密码；

点击弹窗的【确定】按钮后页面跳转至重置初始密码页面；

1.2.2.2 页面原型

【图像描述】修改初始密码模块：
步骤1：用户进入修改初始密码页面
步骤2：用户在“新密码”输入框输入8-10位密码（至少包括数字、小写字母、大写字母、特殊符号中的两种）
步骤3：用户在“确认密码”输入框再次输入8-10位密码（至少包括数字、小写字母、大写字母、特殊符号中的两种）
步骤4：用户点击“获取验证码”按钮获取验证短信
步骤5：用户在“验证短信”输入框输入获取到的验证码
步骤6：用户点击“提交”按钮提交修改密码请求（或点击“取消”按钮放弃修改）

关键控件：
- 新密码输入框：输入8-10位密码，至少包括数字、小写字母、大写字母、特殊符号中的两种
- 确认密码输入框：再次输入8-10位密码，至少包括数字、小写字母、大写字母、特殊符号中的两种
- 获取验证码按钮：点击后获取验证短信
- 验证短信输入框：输入获取到的验证码
- 取消按钮：点击后放弃修改密码
- 提交按钮：点击后提交修改密码请求

状态提示（假设）：
- 正常状态：提交成功后，页面跳转（或提示修改成功）
- 异常状态：
  - 新密码不符合规则：输入框旁显示提示“至少包括数字、小写字母、大写字母、特殊符号中的两种”
  - 确认密码与新密码不一致：输入框旁显示提示“两次输入密码不一致”
  - 验证码错误：输入框旁显示提示“验证码错误”

1.2.2.3 业务逻辑

新密码输入框：输入密码后显示密码明文查看按钮及清空按钮，鼠标按下明文查看按钮密码明文展示，鼠标松开后密文展示，点击清空按钮清空已输入密码；

确认密码：输入密码后显示密码明文查看按钮及清空按钮，鼠标按下明文查看按钮密码明文展示，鼠标松开后密文展示，点击清空按钮清空已输入密码；

验证码：点击【获取验证码】按钮向登录账号绑定手机号发送6位随机数字验证码，验证码已发送后【获取验证码】按钮展示60秒倒计时，倒计时结束后恢复原状，验证码有效期为60秒；

所有输入框获取焦点时提示文字消失且输入框边框变为绿色，失去焦点时恢复原状；

【取消】按钮：点击【取消】按钮取消修改初始密码，返回至登录页面；

【提交】按钮：点击【提交】按钮依次校验密码、验证码，若某一项校验出问题则在对应输入框下方红字提醒用户错误原因，全部校验通过则提示重置密码成功，然后返回至登录页面；

1.2.3 找回密码

1.2.3.1 业务流程

用户打开登录网址进入登录页面；

忘记登录密码后在登录页面页面点击【找回密码】按钮进入找回密码页面；

1.2.3.2 页面原型

【图像描述】### 找回密码模块
- **核心交互**：
  - 步骤1：用户进入找回密码页
  - 步骤2：输入登录账号（手机号）
  - 步骤3：输入新密码（8-10位，至少包含数字、小写字母、大写字母、特殊符号中的两种）
  - 步骤4：再次输入确认密码（8-10位，至少包含数字、小写字母、大写字母、特殊符号中的两种）
  - 步骤5：点击“获取验证码”
  - 步骤6：输入验证短信
  - 步骤7：点击“提交”或“取消”
- **关键控件**：
  - 登录账号输入框：输入手机号
  - 新密码输入框：输入8-10位密码（至少包含数字、小写字母、大写字母、特殊符号中的两种）
  - 确认密码输入框：输入8-10位密码（至少包含数字、小写字母、大写字母、特殊符号中的两种）
  - 验证短信输入框：输入验证码
  - 获取验证码按钮：点击获取验证码
  - 取消按钮：点击取消找回密码操作
  - 提交按钮：点击提交找回密码信息
- **状态提示**：
  - 输入不符合要求的密码时，输入框旁显示提示：“至少包括数字、小写字母、大写字母、特殊符号中的两种”
  - 点击“获取验证码”后，按钮可能显示倒计时或禁用状态
  - 提交成功时，可能跳转至登录页或显示成功提示；提交失败时，可能显示对应错误提示（如验证码错误、密码不一致等）

1.2.3.3 业务逻辑

新密码输入框：输入密码后显示密码明文查看按钮及清空按钮，鼠标按下明文查看按钮密码明文展示，鼠标松开后密文展示，点击清空按钮清空已输入密码；

确认密码：输入密码后显示密码明文查看按钮及清空按钮，鼠标按下明文查看按钮密码明文展示，鼠标松开后密文展示，点击清空按钮清空已输入密码；

验证码：点击【获取验证码】按钮向登录账号绑定手机号发送6位随机数字验证码，验证码已发送后【获取验证码】按钮展示60秒倒计时，倒计时结束后恢复原状，验证码有效期为60秒；

所有输入框获取焦点时提示文字消失且输入框边框变为绿色，失去焦点时恢复原状；

【取消】按钮：点击【取消】按钮取消修改初始密码，返回至登录页面；

【提交】按钮：点击【提交】按钮依次校验密码、验证码，若某一项校验出问题则在对应输入框下方红字提醒用户错误原因，全部校验通过则提示重置密码成功，然后返回至登录页面；

1.2.4 修改密码

1.2.4.1 业务流程

用户成功登录账号；

在我的页面选择修改密码进入修改密码页面；

1.2.4.2 页面原型

【图像描述】### 修改密码模块
1. **核心交互**
   - 步骤1：用户进入修改密码页面
   - 步骤2：输入原密码
   - 步骤3：输入新密码（8-10位，至少包括数字、小写字母、大写字母、特殊符号中的两种）
   - 步骤4：确认新密码（8-10位，至少包括数字、小写字母、大写字母、特殊符号中的两种）
   - 步骤5：点击“获取验证码”获取短信验证码
   - 步骤6：输入短信验证码
   - 步骤7：点击“提交”按钮提交修改密码请求
2. **关键控件**
   - 原密码输入框：输入原登录密码
   - 新密码输入框：输入8-10位新密码，至少包括数字、小写字母、大写字母、特殊符号中的两种
   - 确认密码输入框：再次输入8-10位新密码，至少包括数字、小写字母、大写字母、特殊符号中的两种
   - 验证码输入框：输入获取的短信验证码
   - 获取验证码按钮：点击后获取短信验证码
   - 取消按钮：点击后取消修改密码操作
   - 提交按钮：点击后提交修改密码请求
3. **状态提示**
   - 输入不符合要求的密码时（如长度不足、未包含两种类型字符），输入框下方显示提示信息
   - 提交成功时，提示密码修改成功并跳转至相关页面
   - 提交失败时，提示具体失败原因（如原密码错误、验证码错误等）

1.2.4.3 业务逻辑

原密码输入框：输入密码后显示密码明文查看按钮及清空按钮，鼠标按下明文查看按钮密码明文展示，鼠标松开后密文展示，点击清空按钮清空已输入密码；

新密码输入框：输入密码后显示密码明文查看按钮及清空按钮，鼠标按下明文查看按钮密码明文展示，鼠标松开后密文展示，点击清空按钮清空已输入密码；

确认密码：输入密码后显示密码明文查看按钮及清空按钮，鼠标按下明文查看按钮密码明文展示，鼠标松开后密文展示，点击清空按钮清空已输入密码；

验证码：点击【获取验证码】按钮向登录账号绑定手机号发送6位随机数字验证码，验证码已发送后【获取验证码】按钮展示60秒倒计时，倒计时结束后恢复原状，验证码有效期为60秒；

所有输入框获取焦点时提示文字消失且输入框边框变为绿色，失去焦点时恢复原状；

【取消】按钮：点击【取消】按钮取消修改密码，返回至我的页面；

【提交】按钮：点击【提交】按钮依次校验密码、验证码，若某一项校验出问题则在对应输入框下方红字提醒用户错误原因，全部校验通过则提示重置密码成功；


2025-07-10 21:40:21,695 - langgraph_use2 - INFO - [Step 2] 尝试直接从 PRD 文本提取标题
2025-07-10 21:40:21,695 - langgraph_use2 - INFO - [Step 1] 提取标题成功: B端产品登录功能需求文档范文
2025-07-10 21:40:21,696 - langgraph_use2 - INFO - [Step 3] 提取测试点
2025-07-10 21:41:34,313 - httpx - INFO - HTTP Request: POST https://ark.cn-beijing.volces.com/api/v3/chat/completions "HTTP/1.1 200 OK"
2025-07-10 21:41:34,317 - langgraph_use2 - INFO - [Step 4] 优化测试点
2025-07-10 21:43:04,149 - httpx - INFO - HTTP Request: POST https://ark.cn-beijing.volces.com/api/v3/chat/completions "HTTP/1.1 200 OK"
2025-07-10 21:43:04,152 - langgraph_use2 - INFO - [Step 5] 生成测试用例
2025-07-10 21:43:04,160 - langgraph_use2 - INFO - 生成第 1 个用例，第 1 次尝试
2025-07-10 21:43:04,176 - langgraph_use2 - INFO - 生成第 2 个用例，第 1 次尝试
2025-07-10 21:43:04,194 - langgraph_use2 - INFO - 生成第 3 个用例，第 1 次尝试
2025-07-10 21:43:04,215 - langgraph_use2 - INFO - 生成第 4 个用例，第 1 次尝试
2025-07-10 21:43:04,232 - langgraph_use2 - INFO - 生成第 5 个用例，第 1 次尝试
2025-07-10 21:43:04,248 - langgraph_use2 - INFO - 生成第 6 个用例，第 1 次尝试
2025-07-10 21:43:04,262 - langgraph_use2 - INFO - 生成第 7 个用例，第 1 次尝试
2025-07-10 21:43:04,283 - langgraph_use2 - INFO - 生成第 8 个用例，第 1 次尝试
2025-07-10 21:43:04,298 - langgraph_use2 - INFO - 生成第 9 个用例，第 1 次尝试
2025-07-10 21:43:04,314 - langgraph_use2 - INFO - 生成第 10 个用例，第 1 次尝试
2025-07-10 21:43:04,331 - langgraph_use2 - INFO - 生成第 11 个用例，第 1 次尝试
2025-07-10 21:43:04,350 - langgraph_use2 - INFO - 生成第 12 个用例，第 1 次尝试
2025-07-10 21:43:04,368 - langgraph_use2 - INFO - 生成第 13 个用例，第 1 次尝试
2025-07-10 21:43:04,395 - langgraph_use2 - INFO - 生成第 14 个用例，第 1 次尝试
2025-07-10 21:43:04,417 - langgraph_use2 - INFO - 生成第 15 个用例，第 1 次尝试
2025-07-10 21:43:04,443 - langgraph_use2 - INFO - 生成第 16 个用例，第 1 次尝试
2025-07-10 21:43:04,471 - langgraph_use2 - INFO - 生成第 17 个用例，第 1 次尝试
2025-07-10 21:43:04,492 - langgraph_use2 - INFO - 生成第 18 个用例，第 1 次尝试
2025-07-10 21:43:04,506 - langgraph_use2 - INFO - 生成第 19 个用例，第 1 次尝试
2025-07-10 21:43:04,529 - langgraph_use2 - INFO - 生成第 20 个用例，第 1 次尝试
2025-07-10 21:43:04,555 - langgraph_use2 - INFO - 生成第 21 个用例，第 1 次尝试
2025-07-10 21:43:04,583 - langgraph_use2 - INFO - 生成第 22 个用例，第 1 次尝试
2025-07-10 21:43:04,618 - langgraph_use2 - INFO - 生成第 23 个用例，第 1 次尝试
2025-07-10 21:43:04,648 - langgraph_use2 - INFO - 生成第 24 个用例，第 1 次尝试
2025-07-10 21:43:04,669 - langgraph_use2 - INFO - 生成第 25 个用例，第 1 次尝试
2025-07-10 21:43:04,695 - langgraph_use2 - INFO - 生成第 26 个用例，第 1 次尝试
2025-07-10 21:43:04,715 - langgraph_use2 - INFO - 生成第 27 个用例，第 1 次尝试
2025-07-10 21:43:04,737 - langgraph_use2 - INFO - 生成第 28 个用例，第 1 次尝试
2025-07-10 21:43:04,762 - langgraph_use2 - INFO - 生成第 29 个用例，第 1 次尝试
2025-07-10 21:43:04,788 - langgraph_use2 - INFO - 生成第 30 个用例，第 1 次尝试
2025-07-10 21:43:13,114 - httpx - INFO - HTTP Request: POST https://ark.cn-beijing.volces.com/api/v3/chat/completions "HTTP/1.1 200 OK"
2025-07-10 21:43:13,115 - langgraph_use2 - INFO -  第 22 个用例生成成功，用时 8.53s
2025-07-10 21:43:13,115 - langgraph_use2 - INFO - 生成第 31 个用例，第 1 次尝试
2025-07-10 21:43:14,666 - httpx - INFO - HTTP Request: POST https://ark.cn-beijing.volces.com/api/v3/chat/completions "HTTP/1.1 200 OK"
2025-07-10 21:43:14,668 - langgraph_use2 - INFO -  第 2 个用例生成成功，用时 10.49s
2025-07-10 21:43:14,668 - langgraph_use2 - INFO - 生成第 32 个用例，第 1 次尝试
2025-07-10 21:43:14,796 - httpx - INFO - HTTP Request: POST https://ark.cn-beijing.volces.com/api/v3/chat/completions "HTTP/1.1 200 OK"
2025-07-10 21:43:14,797 - langgraph_use2 - INFO -  第 8 个用例生成成功，用时 10.51s
2025-07-10 21:43:14,797 - langgraph_use2 - INFO - 生成第 33 个用例，第 1 次尝试
2025-07-10 21:43:14,955 - httpx - INFO - HTTP Request: POST https://ark.cn-beijing.volces.com/api/v3/chat/completions "HTTP/1.1 200 OK"
2025-07-10 21:43:14,957 - langgraph_use2 - INFO -  第 24 个用例生成成功，用时 10.31s
2025-07-10 21:43:14,958 - langgraph_use2 - INFO - 生成第 34 个用例，第 1 次尝试
2025-07-10 21:43:15,181 - httpx - INFO - HTTP Request: POST https://ark.cn-beijing.volces.com/api/v3/chat/completions "HTTP/1.1 200 OK"
2025-07-10 21:43:15,183 - langgraph_use2 - INFO -  第 11 个用例生成成功，用时 10.85s
2025-07-10 21:43:15,184 - langgraph_use2 - INFO - 生成第 35 个用例，第 1 次尝试
2025-07-10 21:43:15,282 - httpx - INFO - HTTP Request: POST https://ark.cn-beijing.volces.com/api/v3/chat/completions "HTTP/1.1 200 OK"
2025-07-10 21:43:15,291 - httpx - INFO - HTTP Request: POST https://ark.cn-beijing.volces.com/api/v3/chat/completions "HTTP/1.1 200 OK"
2025-07-10 21:43:15,293 - langgraph_use2 - INFO -  第 4 个用例生成成功，用时 11.08s
2025-07-10 21:43:15,293 - langgraph_use2 - INFO -  第 3 个用例生成成功，用时 11.10s
2025-07-10 21:43:15,293 - langgraph_use2 - INFO - 生成第 36 个用例，第 1 次尝试
2025-07-10 21:43:15,311 - langgraph_use2 - INFO - 生成第 37 个用例，第 1 次尝试
2025-07-10 21:43:15,401 - httpx - INFO - HTTP Request: POST https://ark.cn-beijing.volces.com/api/v3/chat/completions "HTTP/1.1 200 OK"
2025-07-10 21:43:15,405 - langgraph_use2 - INFO -  第 12 个用例生成成功，用时 11.05s
2025-07-10 21:43:15,405 - langgraph_use2 - INFO - 生成第 38 个用例，第 1 次尝试
2025-07-10 21:43:15,797 - httpx - INFO - HTTP Request: POST https://ark.cn-beijing.volces.com/api/v3/chat/completions "HTTP/1.1 200 OK"
2025-07-10 21:43:15,798 - langgraph_use2 - INFO -  第 27 个用例生成成功，用时 11.08s
2025-07-10 21:43:15,799 - langgraph_use2 - INFO - 生成第 39 个用例，第 1 次尝试
2025-07-10 21:43:16,259 - httpx - INFO - HTTP Request: POST https://ark.cn-beijing.volces.com/api/v3/chat/completions "HTTP/1.1 200 OK"
2025-07-10 21:43:16,260 - langgraph_use2 - INFO -  第 17 个用例生成成功，用时 11.79s
2025-07-10 21:43:16,261 - langgraph_use2 - INFO - 生成第 40 个用例，第 1 次尝试
2025-07-10 21:43:16,835 - httpx - INFO - HTTP Request: POST https://ark.cn-beijing.volces.com/api/v3/chat/completions "HTTP/1.1 200 OK"
2025-07-10 21:43:16,836 - langgraph_use2 - INFO -  第 30 个用例生成成功，用时 12.05s
2025-07-10 21:43:16,836 - langgraph_use2 - INFO - 生成第 41 个用例，第 1 次尝试
2025-07-10 21:43:17,204 - httpx - INFO - HTTP Request: POST https://ark.cn-beijing.volces.com/api/v3/chat/completions "HTTP/1.1 200 OK"
2025-07-10 21:43:17,206 - langgraph_use2 - INFO -  第 13 个用例生成成功，用时 12.84s
2025-07-10 21:43:17,207 - langgraph_use2 - INFO - 生成第 42 个用例，第 1 次尝试
2025-07-10 21:43:17,703 - httpx - INFO - HTTP Request: POST https://ark.cn-beijing.volces.com/api/v3/chat/completions "HTTP/1.1 200 OK"
2025-07-10 21:43:17,705 - langgraph_use2 - INFO -  第 16 个用例生成成功，用时 13.26s
2025-07-10 21:43:17,706 - langgraph_use2 - INFO - 生成第 43 个用例，第 1 次尝试
2025-07-10 21:43:17,836 - httpx - INFO - HTTP Request: POST https://ark.cn-beijing.volces.com/api/v3/chat/completions "HTTP/1.1 200 OK"
2025-07-10 21:43:17,837 - langgraph_use2 - INFO -  第 21 个用例生成成功，用时 13.28s
2025-07-10 21:43:17,838 - langgraph_use2 - INFO - 生成第 44 个用例，第 1 次尝试
2025-07-10 21:43:17,895 - httpx - INFO - HTTP Request: POST https://ark.cn-beijing.volces.com/api/v3/chat/completions "HTTP/1.1 200 OK"
2025-07-10 21:43:17,896 - langgraph_use2 - INFO -  第 23 个用例生成成功，用时 13.28s
2025-07-10 21:43:17,896 - langgraph_use2 - INFO - 生成第 45 个用例，第 1 次尝试
2025-07-10 21:43:17,968 - httpx - INFO - HTTP Request: POST https://ark.cn-beijing.volces.com/api/v3/chat/completions "HTTP/1.1 200 OK"
2025-07-10 21:43:17,970 - langgraph_use2 - INFO -  第 29 个用例生成成功，用时 13.21s
2025-07-10 21:43:17,970 - langgraph_use2 - INFO - 生成第 46 个用例，第 1 次尝试
2025-07-10 21:43:18,150 - httpx - INFO - HTTP Request: POST https://ark.cn-beijing.volces.com/api/v3/chat/completions "HTTP/1.1 200 OK"
2025-07-10 21:43:18,151 - langgraph_use2 - INFO -  第 18 个用例生成成功，用时 13.66s
2025-07-10 21:43:18,152 - langgraph_use2 - INFO - 生成第 47 个用例，第 1 次尝试
2025-07-10 21:43:18,522 - httpx - INFO - HTTP Request: POST https://ark.cn-beijing.volces.com/api/v3/chat/completions "HTTP/1.1 200 OK"
2025-07-10 21:43:18,525 - langgraph_use2 - INFO -  第 26 个用例生成成功，用时 13.83s
2025-07-10 21:43:18,525 - langgraph_use2 - INFO - 生成第 48 个用例，第 1 次尝试
2025-07-10 21:43:18,548 - httpx - INFO - HTTP Request: POST https://ark.cn-beijing.volces.com/api/v3/chat/completions "HTTP/1.1 200 OK"
2025-07-10 21:43:18,550 - langgraph_use2 - INFO -  第 5 个用例生成成功，用时 14.32s
2025-07-10 21:43:18,551 - langgraph_use2 - INFO - 生成第 49 个用例，第 1 次尝试
2025-07-10 21:43:18,966 - httpx - INFO - HTTP Request: POST https://ark.cn-beijing.volces.com/api/v3/chat/completions "HTTP/1.1 200 OK"
2025-07-10 21:43:18,967 - langgraph_use2 - INFO -  第 6 个用例生成成功，用时 14.72s
2025-07-10 21:43:18,967 - langgraph_use2 - INFO - 生成第 50 个用例，第 1 次尝试
2025-07-10 21:43:19,056 - httpx - INFO - HTTP Request: POST https://ark.cn-beijing.volces.com/api/v3/chat/completions "HTTP/1.1 200 OK"
2025-07-10 21:43:19,057 - langgraph_use2 - INFO -  第 10 个用例生成成功，用时 14.74s
2025-07-10 21:43:19,058 - langgraph_use2 - INFO - 生成第 51 个用例，第 1 次尝试
2025-07-10 21:43:19,646 - httpx - INFO - HTTP Request: POST https://ark.cn-beijing.volces.com/api/v3/chat/completions "HTTP/1.1 200 OK"
2025-07-10 21:43:19,648 - langgraph_use2 - INFO -  第 15 个用例生成成功，用时 15.23s
2025-07-10 21:43:19,648 - langgraph_use2 - INFO - 生成第 52 个用例，第 1 次尝试
2025-07-10 21:43:20,092 - httpx - INFO - HTTP Request: POST https://ark.cn-beijing.volces.com/api/v3/chat/completions "HTTP/1.1 200 OK"
2025-07-10 21:43:20,093 - langgraph_use2 - INFO -  第 14 个用例生成成功，用时 15.70s
2025-07-10 21:43:20,093 - langgraph_use2 - INFO - 生成第 53 个用例，第 1 次尝试
2025-07-10 21:43:20,802 - httpx - INFO - HTTP Request: POST https://ark.cn-beijing.volces.com/api/v3/chat/completions "HTTP/1.1 200 OK"
2025-07-10 21:43:20,804 - langgraph_use2 - INFO -  第 20 个用例生成成功，用时 16.27s
2025-07-10 21:43:20,805 - langgraph_use2 - INFO - 生成第 54 个用例，第 1 次尝试
2025-07-10 21:43:21,311 - httpx - INFO - HTTP Request: POST https://ark.cn-beijing.volces.com/api/v3/chat/completions "HTTP/1.1 200 OK"
2025-07-10 21:43:21,314 - langgraph_use2 - INFO -  第 19 个用例生成成功，用时 16.81s
2025-07-10 21:43:21,314 - langgraph_use2 - INFO - 生成第 55 个用例，第 1 次尝试
2025-07-10 21:43:22,893 - httpx - INFO - HTTP Request: POST https://ark.cn-beijing.volces.com/api/v3/chat/completions "HTTP/1.1 200 OK"
2025-07-10 21:43:22,894 - langgraph_use2 - INFO -  第 25 个用例生成成功，用时 18.22s
2025-07-10 21:43:22,894 - langgraph_use2 - INFO - 生成第 56 个用例，第 1 次尝试
2025-07-10 21:43:23,268 - httpx - INFO - HTTP Request: POST https://ark.cn-beijing.volces.com/api/v3/chat/completions "HTTP/1.1 200 OK"
2025-07-10 21:43:23,270 - langgraph_use2 - INFO -  第 1 个用例生成成功，用时 19.11s
2025-07-10 21:43:23,270 - langgraph_use2 - INFO - 生成第 57 个用例，第 1 次尝试
2025-07-10 21:43:24,617 - httpx - INFO - HTTP Request: POST https://ark.cn-beijing.volces.com/api/v3/chat/completions "HTTP/1.1 200 OK"
2025-07-10 21:43:24,618 - langgraph_use2 - INFO -  第 7 个用例生成成功，用时 20.36s
2025-07-10 21:43:24,618 - langgraph_use2 - INFO - 生成第 58 个用例，第 1 次尝试
2025-07-10 21:43:24,635 - httpx - INFO - HTTP Request: POST https://ark.cn-beijing.volces.com/api/v3/chat/completions "HTTP/1.1 200 OK"
2025-07-10 21:43:24,636 - langgraph_use2 - INFO -  第 9 个用例生成成功，用时 20.34s
2025-07-10 21:43:24,637 - langgraph_use2 - INFO - 生成第 59 个用例，第 1 次尝试
2025-07-10 21:43:26,433 - httpx - INFO - HTTP Request: POST https://ark.cn-beijing.volces.com/api/v3/chat/completions "HTTP/1.1 200 OK"
2025-07-10 21:43:26,434 - langgraph_use2 - INFO -  第 41 个用例生成成功，用时 9.60s
2025-07-10 21:43:26,434 - langgraph_use2 - INFO - 生成第 60 个用例，第 1 次尝试
2025-07-10 21:43:26,457 - httpx - INFO - HTTP Request: POST https://ark.cn-beijing.volces.com/api/v3/chat/completions "HTTP/1.1 200 OK"
2025-07-10 21:43:26,458 - langgraph_use2 - INFO -  第 53 个用例生成成功，用时 6.36s
2025-07-10 21:43:26,459 - langgraph_use2 - INFO - 生成第 61 个用例，第 1 次尝试
2025-07-10 21:43:26,491 - httpx - INFO - HTTP Request: POST https://ark.cn-beijing.volces.com/api/v3/chat/completions "HTTP/1.1 200 OK"
2025-07-10 21:43:26,493 - langgraph_use2 - INFO -  第 28 个用例生成成功，用时 21.76s
2025-07-10 21:43:26,493 - langgraph_use2 - INFO - 生成第 62 个用例，第 1 次尝试
2025-07-10 21:43:26,958 - httpx - INFO - HTTP Request: POST https://ark.cn-beijing.volces.com/api/v3/chat/completions "HTTP/1.1 200 OK"
2025-07-10 21:43:26,959 - langgraph_use2 - INFO -  第 31 个用例生成成功，用时 13.84s
2025-07-10 21:43:26,959 - langgraph_use2 - INFO - 生成第 63 个用例，第 1 次尝试
2025-07-10 21:43:27,400 - httpx - INFO - HTTP Request: POST https://ark.cn-beijing.volces.com/api/v3/chat/completions "HTTP/1.1 200 OK"
2025-07-10 21:43:27,404 - langgraph_use2 - INFO -  第 33 个用例生成成功，用时 12.61s
2025-07-10 21:43:27,405 - langgraph_use2 - INFO - 生成第 64 个用例，第 1 次尝试
2025-07-10 21:43:28,011 - httpx - INFO - HTTP Request: POST https://ark.cn-beijing.volces.com/api/v3/chat/completions "HTTP/1.1 200 OK"
2025-07-10 21:43:28,012 - langgraph_use2 - INFO -  第 40 个用例生成成功，用时 11.75s
2025-07-10 21:43:28,012 - langgraph_use2 - INFO - 生成第 65 个用例，第 1 次尝试
2025-07-10 21:43:28,115 - httpx - INFO - HTTP Request: POST https://ark.cn-beijing.volces.com/api/v3/chat/completions "HTTP/1.1 200 OK"
2025-07-10 21:43:28,118 - langgraph_use2 - INFO -  第 35 个用例生成成功，用时 12.93s
2025-07-10 21:43:28,119 - langgraph_use2 - INFO - 生成第 66 个用例，第 1 次尝试
2025-07-10 21:43:28,141 - httpx - INFO - HTTP Request: POST https://ark.cn-beijing.volces.com/api/v3/chat/completions "HTTP/1.1 200 OK"
2025-07-10 21:43:28,142 - langgraph_use2 - INFO -  第 44 个用例生成成功，用时 10.30s
2025-07-10 21:43:28,143 - langgraph_use2 - INFO - 生成第 67 个用例，第 1 次尝试
2025-07-10 21:43:28,272 - httpx - INFO - HTTP Request: POST https://ark.cn-beijing.volces.com/api/v3/chat/completions "HTTP/1.1 200 OK"
2025-07-10 21:43:28,274 - langgraph_use2 - INFO -  第 43 个用例生成成功，用时 10.57s
2025-07-10 21:43:28,274 - langgraph_use2 - INFO - 生成第 68 个用例，第 1 次尝试
2025-07-10 21:43:28,824 - httpx - INFO - HTTP Request: POST https://ark.cn-beijing.volces.com/api/v3/chat/completions "HTTP/1.1 200 OK"
2025-07-10 21:43:28,827 - langgraph_use2 - INFO -  第 34 个用例生成成功，用时 13.87s
2025-07-10 21:43:28,827 - langgraph_use2 - INFO - 生成第 69 个用例，第 1 次尝试
2025-07-10 21:43:28,872 - httpx - INFO - HTTP Request: POST https://ark.cn-beijing.volces.com/api/v3/chat/completions "HTTP/1.1 200 OK"
2025-07-10 21:43:28,873 - langgraph_use2 - INFO -  第 42 个用例生成成功，用时 11.67s
2025-07-10 21:43:28,874 - langgraph_use2 - INFO - 生成第 70 个用例，第 1 次尝试
2025-07-10 21:43:29,237 - httpx - INFO - HTTP Request: POST https://ark.cn-beijing.volces.com/api/v3/chat/completions "HTTP/1.1 200 OK"
2025-07-10 21:43:29,238 - langgraph_use2 - INFO -  第 32 个用例生成成功，用时 14.57s
2025-07-10 21:43:29,238 - langgraph_use2 - INFO - 生成第 71 个用例，第 1 次尝试
2025-07-10 21:43:29,291 - httpx - INFO - HTTP Request: POST https://ark.cn-beijing.volces.com/api/v3/chat/completions "HTTP/1.1 200 OK"
2025-07-10 21:43:29,293 - langgraph_use2 - INFO -  第 37 个用例生成成功，用时 13.98s
2025-07-10 21:43:29,293 - langgraph_use2 - INFO - 生成第 72 个用例，第 1 次尝试
2025-07-10 21:43:29,864 - httpx - INFO - HTTP Request: POST https://ark.cn-beijing.volces.com/api/v3/chat/completions "HTTP/1.1 200 OK"
2025-07-10 21:43:29,865 - langgraph_use2 - INFO -  第 54 个用例生成成功，用时 9.06s
2025-07-10 21:43:29,865 - langgraph_use2 - INFO - 生成第 73 个用例，第 1 次尝试
2025-07-10 21:43:30,045 - httpx - INFO - HTTP Request: POST https://ark.cn-beijing.volces.com/api/v3/chat/completions "HTTP/1.1 200 OK"
2025-07-10 21:43:30,046 - langgraph_use2 - INFO -  第 49 个用例生成成功，用时 11.50s
2025-07-10 21:43:30,046 - langgraph_use2 - INFO - 生成第 74 个用例，第 1 次尝试
2025-07-10 21:43:30,264 - httpx - INFO - HTTP Request: POST https://ark.cn-beijing.volces.com/api/v3/chat/completions "HTTP/1.1 200 OK"
2025-07-10 21:43:30,265 - langgraph_use2 - INFO -  第 39 个用例生成成功，用时 14.47s
2025-07-10 21:43:30,265 - langgraph_use2 - INFO - 生成第 75 个用例，第 1 次尝试
2025-07-10 21:43:30,530 - httpx - INFO - HTTP Request: POST https://ark.cn-beijing.volces.com/api/v3/chat/completions "HTTP/1.1 200 OK"
2025-07-10 21:43:30,531 - langgraph_use2 - INFO -  第 45 个用例生成成功，用时 12.64s
2025-07-10 21:43:30,531 - langgraph_use2 - INFO - 生成第 76 个用例，第 1 次尝试
2025-07-10 21:43:30,870 - httpx - INFO - HTTP Request: POST https://ark.cn-beijing.volces.com/api/v3/chat/completions "HTTP/1.1 200 OK"
2025-07-10 21:43:30,871 - langgraph_use2 - INFO -  第 46 个用例生成成功，用时 12.90s
2025-07-10 21:43:30,872 - langgraph_use2 - INFO - 生成第 77 个用例，第 1 次尝试
2025-07-10 21:43:31,242 - httpx - INFO - HTTP Request: POST https://ark.cn-beijing.volces.com/api/v3/chat/completions "HTTP/1.1 200 OK"
2025-07-10 21:43:31,257 - langgraph_use2 - INFO -  第 48 个用例生成成功，用时 12.73s
2025-07-10 21:43:31,257 - langgraph_use2 - INFO - 生成第 78 个用例，第 1 次尝试
2025-07-10 21:43:32,827 - httpx - INFO - HTTP Request: POST https://ark.cn-beijing.volces.com/api/v3/chat/completions "HTTP/1.1 200 OK"
2025-07-10 21:43:32,827 - langgraph_use2 - INFO -  第 47 个用例生成成功，用时 14.68s
2025-07-10 21:43:32,828 - langgraph_use2 - INFO - 生成第 79 个用例，第 1 次尝试
2025-07-10 21:43:32,966 - httpx - INFO - HTTP Request: POST https://ark.cn-beijing.volces.com/api/v3/chat/completions "HTTP/1.1 200 OK"
2025-07-10 21:43:32,966 - langgraph_use2 - INFO -  第 56 个用例生成成功，用时 10.07s
2025-07-10 21:43:32,966 - langgraph_use2 - INFO - 生成第 80 个用例，第 1 次尝试
2025-07-10 21:43:33,628 - httpx - INFO - HTTP Request: POST https://ark.cn-beijing.volces.com/api/v3/chat/completions "HTTP/1.1 200 OK"
2025-07-10 21:43:33,630 - langgraph_use2 - INFO -  第 59 个用例生成成功，用时 8.99s
2025-07-10 21:43:33,630 - langgraph_use2 - INFO - 生成第 81 个用例，第 1 次尝试
2025-07-10 21:43:34,181 - httpx - INFO - HTTP Request: POST https://ark.cn-beijing.volces.com/api/v3/chat/completions "HTTP/1.1 200 OK"
2025-07-10 21:43:34,182 - langgraph_use2 - INFO -  第 36 个用例生成成功，用时 18.89s
2025-07-10 21:43:34,184 - langgraph_use2 - INFO - 生成第 82 个用例，第 1 次尝试
2025-07-10 21:43:34,433 - httpx - INFO - HTTP Request: POST https://ark.cn-beijing.volces.com/api/v3/chat/completions "HTTP/1.1 200 OK"
2025-07-10 21:43:34,434 - langgraph_use2 - INFO -  第 57 个用例生成成功，用时 11.16s
2025-07-10 21:43:34,434 - langgraph_use2 - INFO - 生成第 83 个用例，第 1 次尝试
2025-07-10 21:43:34,669 - httpx - INFO - HTTP Request: POST https://ark.cn-beijing.volces.com/api/v3/chat/completions "HTTP/1.1 200 OK"
2025-07-10 21:43:34,671 - langgraph_use2 - INFO -  第 38 个用例生成成功，用时 19.27s
2025-07-10 21:43:34,671 - langgraph_use2 - INFO - 生成第 84 个用例，第 1 次尝试
2025-07-10 21:43:34,935 - httpx - INFO - HTTP Request: POST https://ark.cn-beijing.volces.com/api/v3/chat/completions "HTTP/1.1 200 OK"
2025-07-10 21:43:34,937 - langgraph_use2 - INFO -  第 50 个用例生成成功，用时 15.97s
2025-07-10 21:43:34,937 - langgraph_use2 - INFO - 生成第 85 个用例，第 1 次尝试
2025-07-10 21:43:35,126 - httpx - INFO - HTTP Request: POST https://ark.cn-beijing.volces.com/api/v3/chat/completions "HTTP/1.1 200 OK"
2025-07-10 21:43:35,127 - langgraph_use2 - INFO -  第 55 个用例生成成功，用时 13.81s
2025-07-10 21:43:35,127 - langgraph_use2 - INFO - 生成第 86 个用例，第 1 次尝试
2025-07-10 21:43:36,101 - httpx - INFO - HTTP Request: POST https://ark.cn-beijing.volces.com/api/v3/chat/completions "HTTP/1.1 200 OK"
2025-07-10 21:43:36,102 - langgraph_use2 - INFO -  第 58 个用例生成成功，用时 11.48s
2025-07-10 21:43:36,102 - langgraph_use2 - INFO - 生成第 87 个用例，第 1 次尝试
2025-07-10 21:43:36,368 - httpx - INFO - HTTP Request: POST https://ark.cn-beijing.volces.com/api/v3/chat/completions "HTTP/1.1 200 OK"
2025-07-10 21:43:36,369 - langgraph_use2 - INFO -  第 52 个用例生成成功，用时 16.72s
2025-07-10 21:43:36,369 - langgraph_use2 - INFO - 生成第 88 个用例，第 1 次尝试
2025-07-10 21:43:38,095 - httpx - INFO - HTTP Request: POST https://ark.cn-beijing.volces.com/api/v3/chat/completions "HTTP/1.1 200 OK"
2025-07-10 21:43:38,096 - langgraph_use2 - INFO -  第 72 个用例生成成功，用时 8.80s
2025-07-10 21:43:38,096 - langgraph_use2 - INFO - 生成第 89 个用例，第 1 次尝试
2025-07-10 21:43:38,378 - httpx - INFO - HTTP Request: POST https://ark.cn-beijing.volces.com/api/v3/chat/completions "HTTP/1.1 200 OK"
2025-07-10 21:43:38,379 - langgraph_use2 - INFO -  第 69 个用例生成成功，用时 9.55s
2025-07-10 21:43:38,379 - langgraph_use2 - INFO - 生成第 90 个用例，第 1 次尝试
2025-07-10 21:43:38,674 - httpx - INFO - HTTP Request: POST https://ark.cn-beijing.volces.com/api/v3/chat/completions "HTTP/1.1 200 OK"
2025-07-10 21:43:38,676 - langgraph_use2 - INFO -  第 66 个用例生成成功，用时 10.56s
2025-07-10 21:43:38,676 - langgraph_use2 - INFO - 生成第 91 个用例，第 1 次尝试
2025-07-10 21:43:39,225 - httpx - INFO - HTTP Request: POST https://ark.cn-beijing.volces.com/api/v3/chat/completions "HTTP/1.1 200 OK"
2025-07-10 21:43:39,227 - langgraph_use2 - INFO -  第 77 个用例生成成功，用时 8.36s
2025-07-10 21:43:39,227 - langgraph_use2 - INFO - 生成第 92 个用例，第 1 次尝试
2025-07-10 21:43:39,323 - httpx - INFO - HTTP Request: POST https://ark.cn-beijing.volces.com/api/v3/chat/completions "HTTP/1.1 200 OK"
2025-07-10 21:43:39,325 - langgraph_use2 - INFO -  第 71 个用例生成成功，用时 10.09s
2025-07-10 21:43:39,325 - langgraph_use2 - INFO - 生成第 93 个用例，第 1 次尝试
2025-07-10 21:43:39,362 - httpx - INFO - HTTP Request: POST https://ark.cn-beijing.volces.com/api/v3/chat/completions "HTTP/1.1 200 OK"
2025-07-10 21:43:39,364 - langgraph_use2 - INFO -  第 73 个用例生成成功，用时 9.50s
2025-07-10 21:43:39,365 - langgraph_use2 - INFO - 生成第 94 个用例，第 1 次尝试
2025-07-10 21:43:39,407 - httpx - INFO - HTTP Request: POST https://ark.cn-beijing.volces.com/api/v3/chat/completions "HTTP/1.1 200 OK"
2025-07-10 21:43:39,409 - langgraph_use2 - INFO -  第 51 个用例生成成功，用时 20.35s
2025-07-10 21:43:39,410 - langgraph_use2 - INFO - 生成第 95 个用例，第 1 次尝试
2025-07-10 21:43:39,464 - httpx - INFO - HTTP Request: POST https://ark.cn-beijing.volces.com/api/v3/chat/completions "HTTP/1.1 200 OK"
2025-07-10 21:43:39,467 - langgraph_use2 - INFO -  第 67 个用例生成成功，用时 11.32s
2025-07-10 21:43:39,468 - langgraph_use2 - INFO - 生成第 96 个用例，第 1 次尝试
2025-07-10 21:43:40,094 - httpx - INFO - HTTP Request: POST https://ark.cn-beijing.volces.com/api/v3/chat/completions "HTTP/1.1 200 OK"
2025-07-10 21:43:40,096 - langgraph_use2 - INFO -  第 63 个用例生成成功，用时 13.14s
2025-07-10 21:43:40,097 - langgraph_use2 - INFO - 生成第 97 个用例，第 1 次尝试
2025-07-10 21:43:40,595 - httpx - INFO - HTTP Request: POST https://ark.cn-beijing.volces.com/api/v3/chat/completions "HTTP/1.1 200 OK"
2025-07-10 21:43:40,596 - langgraph_use2 - INFO -  第 74 个用例生成成功，用时 10.55s
2025-07-10 21:43:40,596 - langgraph_use2 - INFO - 生成第 98 个用例，第 1 次尝试
2025-07-10 21:43:41,140 - httpx - INFO - HTTP Request: POST https://ark.cn-beijing.volces.com/api/v3/chat/completions "HTTP/1.1 200 OK"
2025-07-10 21:43:41,141 - langgraph_use2 - INFO -  第 61 个用例生成成功，用时 14.68s
2025-07-10 21:43:41,141 - langgraph_use2 - INFO - 生成第 99 个用例，第 1 次尝试
2025-07-10 21:43:41,775 - httpx - INFO - HTTP Request: POST https://ark.cn-beijing.volces.com/api/v3/chat/completions "HTTP/1.1 200 OK"
2025-07-10 21:43:41,775 - langgraph_use2 - INFO -  第 78 个用例生成成功，用时 10.52s
2025-07-10 21:43:41,776 - langgraph_use2 - INFO - 生成第 100 个用例，第 1 次尝试
2025-07-10 21:43:42,066 - httpx - INFO - HTTP Request: POST https://ark.cn-beijing.volces.com/api/v3/chat/completions "HTTP/1.1 200 OK"
2025-07-10 21:43:42,067 - langgraph_use2 - INFO -  第 64 个用例生成成功，用时 14.66s
2025-07-10 21:43:42,067 - langgraph_use2 - INFO - 生成第 101 个用例，第 1 次尝试
2025-07-10 21:43:42,550 - httpx - INFO - HTTP Request: POST https://ark.cn-beijing.volces.com/api/v3/chat/completions "HTTP/1.1 200 OK"
2025-07-10 21:43:42,554 - langgraph_use2 - INFO -  第 70 个用例生成成功，用时 13.68s
2025-07-10 21:43:42,556 - langgraph_use2 - INFO - 生成第 102 个用例，第 1 次尝试
2025-07-10 21:43:43,147 - httpx - INFO - HTTP Request: POST https://ark.cn-beijing.volces.com/api/v3/chat/completions "HTTP/1.1 200 OK"
2025-07-10 21:43:43,148 - langgraph_use2 - INFO -  第 80 个用例生成成功，用时 10.18s
2025-07-10 21:43:43,149 - langgraph_use2 - INFO - 生成第 103 个用例，第 1 次尝试
2025-07-10 21:43:43,229 - httpx - INFO - HTTP Request: POST https://ark.cn-beijing.volces.com/api/v3/chat/completions "HTTP/1.1 200 OK"
2025-07-10 21:43:43,231 - langgraph_use2 - INFO -  第 68 个用例生成成功，用时 14.96s
2025-07-10 21:43:43,232 - langgraph_use2 - INFO - 生成第 104 个用例，第 1 次尝试
2025-07-10 21:43:44,095 - httpx - INFO - HTTP Request: POST https://ark.cn-beijing.volces.com/api/v3/chat/completions "HTTP/1.1 200 OK"
2025-07-10 21:43:44,096 - langgraph_use2 - INFO -  第 62 个用例生成成功，用时 17.60s
2025-07-10 21:43:45,192 - httpx - INFO - HTTP Request: POST https://ark.cn-beijing.volces.com/api/v3/chat/completions "HTTP/1.1 200 OK"
2025-07-10 21:43:45,193 - langgraph_use2 - INFO -  第 75 个用例生成成功，用时 14.93s
2025-07-10 21:43:45,354 - httpx - INFO - HTTP Request: POST https://ark.cn-beijing.volces.com/api/v3/chat/completions "HTTP/1.1 200 OK"
2025-07-10 21:43:45,358 - langgraph_use2 - INFO -  第 85 个用例生成成功，用时 10.42s
2025-07-10 21:43:45,671 - httpx - INFO - HTTP Request: POST https://ark.cn-beijing.volces.com/api/v3/chat/completions "HTTP/1.1 200 OK"
2025-07-10 21:43:45,673 - langgraph_use2 - INFO -  第 65 个用例生成成功，用时 17.66s
2025-07-10 21:43:46,127 - httpx - INFO - HTTP Request: POST https://ark.cn-beijing.volces.com/api/v3/chat/completions "HTTP/1.1 200 OK"
2025-07-10 21:43:46,128 - langgraph_use2 - INFO -  第 81 个用例生成成功，用时 12.50s
2025-07-10 21:43:46,326 - httpx - INFO - HTTP Request: POST https://ark.cn-beijing.volces.com/api/v3/chat/completions "HTTP/1.1 200 OK"
2025-07-10 21:43:46,326 - langgraph_use2 - INFO -  第 60 个用例生成成功，用时 19.89s
2025-07-10 21:43:46,465 - httpx - INFO - HTTP Request: POST https://ark.cn-beijing.volces.com/api/v3/chat/completions "HTTP/1.1 200 OK"
2025-07-10 21:43:46,465 - langgraph_use2 - INFO -  第 84 个用例生成成功，用时 11.79s
2025-07-10 21:43:46,908 - httpx - INFO - HTTP Request: POST https://ark.cn-beijing.volces.com/api/v3/chat/completions "HTTP/1.1 200 OK"
2025-07-10 21:43:46,911 - langgraph_use2 - INFO -  第 83 个用例生成成功，用时 12.48s
2025-07-10 21:43:47,018 - httpx - INFO - HTTP Request: POST https://ark.cn-beijing.volces.com/api/v3/chat/completions "HTTP/1.1 200 OK"
2025-07-10 21:43:47,024 - langgraph_use2 - INFO -  第 79 个用例生成成功，用时 14.20s
2025-07-10 21:43:47,904 - httpx - INFO - HTTP Request: POST https://ark.cn-beijing.volces.com/api/v3/chat/completions "HTTP/1.1 200 OK"
2025-07-10 21:43:47,906 - langgraph_use2 - INFO -  第 86 个用例生成成功，用时 12.78s
2025-07-10 21:43:48,131 - httpx - INFO - HTTP Request: POST https://ark.cn-beijing.volces.com/api/v3/chat/completions "HTTP/1.1 200 OK"
2025-07-10 21:43:48,134 - langgraph_use2 - INFO -  第 87 个用例生成成功，用时 12.03s
2025-07-10 21:43:48,635 - httpx - INFO - HTTP Request: POST https://ark.cn-beijing.volces.com/api/v3/chat/completions "HTTP/1.1 200 OK"
2025-07-10 21:43:48,637 - langgraph_use2 - INFO -  第 76 个用例生成成功，用时 18.11s
2025-07-10 21:43:49,139 - httpx - INFO - HTTP Request: POST https://ark.cn-beijing.volces.com/api/v3/chat/completions "HTTP/1.1 200 OK"
2025-07-10 21:43:49,141 - langgraph_use2 - INFO -  第 88 个用例生成成功，用时 12.77s
2025-07-10 21:43:50,311 - httpx - INFO - HTTP Request: POST https://ark.cn-beijing.volces.com/api/v3/chat/completions "HTTP/1.1 200 OK"
2025-07-10 21:43:50,312 - langgraph_use2 - INFO -  第 94 个用例生成成功，用时 10.95s
2025-07-10 21:43:51,462 - httpx - INFO - HTTP Request: POST https://ark.cn-beijing.volces.com/api/v3/chat/completions "HTTP/1.1 200 OK"
2025-07-10 21:43:51,463 - langgraph_use2 - INFO -  第 96 个用例生成成功，用时 12.00s
2025-07-10 21:43:51,934 - httpx - INFO - HTTP Request: POST https://ark.cn-beijing.volces.com/api/v3/chat/completions "HTTP/1.1 200 OK"
2025-07-10 21:43:51,936 - langgraph_use2 - INFO -  第 98 个用例生成成功，用时 11.34s
2025-07-10 21:43:52,124 - httpx - INFO - HTTP Request: POST https://ark.cn-beijing.volces.com/api/v3/chat/completions "HTTP/1.1 200 OK"
2025-07-10 21:43:52,125 - langgraph_use2 - INFO -  第 99 个用例生成成功，用时 10.98s
2025-07-10 21:43:52,256 - httpx - INFO - HTTP Request: POST https://ark.cn-beijing.volces.com/api/v3/chat/completions "HTTP/1.1 200 OK"
2025-07-10 21:43:52,258 - langgraph_use2 - INFO -  第 89 个用例生成成功，用时 14.16s
2025-07-10 21:43:53,498 - httpx - INFO - HTTP Request: POST https://ark.cn-beijing.volces.com/api/v3/chat/completions "HTTP/1.1 200 OK"
2025-07-10 21:43:53,500 - langgraph_use2 - INFO -  第 90 个用例生成成功，用时 15.12s
2025-07-10 21:43:54,297 - httpx - INFO - HTTP Request: POST https://ark.cn-beijing.volces.com/api/v3/chat/completions "HTTP/1.1 200 OK"
2025-07-10 21:43:54,299 - langgraph_use2 - INFO -  第 95 个用例生成成功，用时 14.89s
2025-07-10 21:43:54,412 - httpx - INFO - HTTP Request: POST https://ark.cn-beijing.volces.com/api/v3/chat/completions "HTTP/1.1 200 OK"
2025-07-10 21:43:54,414 - langgraph_use2 - INFO -  第 103 个用例生成成功，用时 11.26s
2025-07-10 21:43:56,295 - httpx - INFO - HTTP Request: POST https://ark.cn-beijing.volces.com/api/v3/chat/completions "HTTP/1.1 200 OK"
2025-07-10 21:43:56,297 - langgraph_use2 - INFO -  第 101 个用例生成成功，用时 14.23s
2025-07-10 21:43:56,881 - httpx - INFO - HTTP Request: POST https://ark.cn-beijing.volces.com/api/v3/chat/completions "HTTP/1.1 200 OK"
2025-07-10 21:43:56,882 - langgraph_use2 - INFO -  第 100 个用例生成成功，用时 15.11s
2025-07-10 21:43:56,989 - httpx - INFO - HTTP Request: POST https://ark.cn-beijing.volces.com/api/v3/chat/completions "HTTP/1.1 200 OK"
2025-07-10 21:43:56,991 - langgraph_use2 - INFO -  第 97 个用例生成成功，用时 16.89s
2025-07-10 21:43:57,344 - httpx - INFO - HTTP Request: POST https://ark.cn-beijing.volces.com/api/v3/chat/completions "HTTP/1.1 200 OK"
2025-07-10 21:43:57,346 - langgraph_use2 - INFO -  第 92 个用例生成成功，用时 18.12s
2025-07-10 21:43:57,348 - httpx - INFO - HTTP Request: POST https://ark.cn-beijing.volces.com/api/v3/chat/completions "HTTP/1.1 200 OK"
2025-07-10 21:43:57,349 - langgraph_use2 - INFO -  第 93 个用例生成成功，用时 18.02s
2025-07-10 21:43:57,798 - httpx - INFO - HTTP Request: POST https://ark.cn-beijing.volces.com/api/v3/chat/completions "HTTP/1.1 200 OK"
2025-07-10 21:43:57,799 - langgraph_use2 - INFO -  第 82 个用例生成成功，用时 23.62s
2025-07-10 21:43:57,960 - httpx - INFO - HTTP Request: POST https://ark.cn-beijing.volces.com/api/v3/chat/completions "HTTP/1.1 200 OK"
2025-07-10 21:43:57,961 - langgraph_use2 - INFO -  第 91 个用例生成成功，用时 19.29s
2025-07-10 21:44:00,151 - httpx - INFO - HTTP Request: POST https://ark.cn-beijing.volces.com/api/v3/chat/completions "HTTP/1.1 200 OK"
2025-07-10 21:44:00,155 - langgraph_use2 - INFO -  第 102 个用例生成成功，用时 17.60s
2025-07-10 21:44:00,511 - httpx - INFO - HTTP Request: POST https://ark.cn-beijing.volces.com/api/v3/chat/completions "HTTP/1.1 200 OK"
2025-07-10 21:44:00,512 - langgraph_use2 - INFO -  第 104 个用例生成成功，用时 17.28s
2025-07-10 21:44:00,513 - langgraph_use2 - INFO - [Step 5] 用例生成完成: 成功 104 个，失败 0 个，用时 56.36s
2025-07-10 21:44:00,516 - langgraph_use2 - INFO - [Step 6] 校验测试用例，移除高度一致的重复项
2025-07-10 21:44:00,517 - langgraph_use2 - INFO - [Step 5] 校验完成：未发现重复用例
2025-07-10 21:44:00,519 - main - INFO - 生成测试用例成功，耗时 241.21 秒
2025-07-10 21:44:11,639 - main - INFO - 开始重新生成，用缓存的 document_id=HuGxdTBuSoIGPLxyVFxcYQlrnNd
2025-07-10 21:44:12,015 - httpx - INFO - HTTP Request: GET https://open.feishu.cn/open-apis/docx/v1/documents/HuGxdTBuSoIGPLxyVFxcYQlrnNd/blocks?limit=100 "HTTP/1.1 200 OK"
2025-07-10 21:44:12,473 - httpx - INFO - HTTP Request: GET https://open.feishu.cn/open-apis/drive/v1/medias/batch_get_tmp_download_url?file_tokens=TgEKbWEBAo8NLixzkxMchwptnpg "HTTP/1.1 200 OK"
2025-07-10 21:44:12,889 - httpx - INFO - HTTP Request: GET https://open.feishu.cn/open-apis/drive/v1/medias/batch_get_tmp_download_url?file_tokens=SkDEbgOKsoteNwxRDY1cvMAjndf "HTTP/1.1 200 OK"
2025-07-10 21:44:13,336 - httpx - INFO - HTTP Request: GET https://open.feishu.cn/open-apis/drive/v1/medias/batch_get_tmp_download_url?file_tokens=Y1zAbRUnxowpqyxEkfKc1t3Mnph "HTTP/1.1 200 OK"
2025-07-10 21:44:13,776 - httpx - INFO - HTTP Request: GET https://open.feishu.cn/open-apis/drive/v1/medias/batch_get_tmp_download_url?file_tokens=FmJybjFF3o2UVSxDTtbcGSdRnXd "HTTP/1.1 200 OK"
2025-07-10 21:44:14,130 - httpx - INFO - HTTP Request: GET https://open.feishu.cn/open-apis/drive/v1/medias/batch_get_tmp_download_url?file_tokens=IehHb80ino8l8Tx6VHAciwJwnse "HTTP/1.1 200 OK"
2025-07-10 21:44:14,132 - main - INFO - 提取的 PRD 文本:
## B端产品登录功能需求文档范文

### 1.1 功能概述

1.1.1 业务流程图

![image](https://internal-api-drive-stream.feishu.cn/space/api/box/stream/download/authcode/?code=NzJlNDUyZjlmYzc4MTVhNzRjNmJkZDIyZDhjODkxYTRfNmQ4Yzk2YTkxOTBkYmNkNmIxOGU4YTUwZDE0MTFkODBfSUQ6NzUyNDkzMzk1NzAyMTIzNzI1Ml8xNzUyMTU1MDUxOjE3NTIyNDE0NTFfVjM)

1.1.2 功能架构

### 1.2 功能说明

1.2.1 账号登录

1.2.1.1 业务流程

用户打开登录网址进入登录页面；

输入登录账号、密码、验证码进行登录；

1.2.1.2 页面原型

![image](https://internal-api-drive-stream.feishu.cn/space/api/box/stream/download/authcode/?code=MmQ5ZGYyNzdhYmZiNzgzYWU4NDhkNTQ3MTJiM2JlZmZfY2ViNzMwMDhiMDNkMGI4NzY3YzdiMGE0NDZiNDY4OGRfSUQ6NzUyNDkzMzk1Mzk3MjIyNDAwMl8xNzUyMTU1MDUxOjE3NTIyNDE0NTFfVjM)

1.2.1.3 逻辑说明

账号输入框：输入账号后显示清空操作按钮，点击清空按钮清空已输入的账号；

密码输入框：输入密码后显示密码明文查看按钮及清空按钮，鼠标按下明文查看按钮密码明文展示，鼠标松开后密文展示，点击清空按钮清空已输入密码；

验证码：验证码为4位随机的大写英文字母，单击验证码展示区域刷新验证码，验证码有效期为60秒；

所有输入框获取焦点时提示文字消失且边框变为绿色，失去焦点时恢复原状；

【登录】按钮：点击【登录】按钮时依次校验登录账号、密码、验证码，若某一项校验出问题则在对应输入框下方红字提醒用户错误原因，全部校验通过则成功登录并进入系统首页；

【找回密码】按钮：点击【找回密码】按钮跳转至找回密码页面；

账号首次成功登录时弹窗提示账号首次登录时需修改初始密码，点击【确定】按钮跳转至修改初始密码页面，初始密码修改后需要重新输入账号、密码、验证码进行登录；

1.2.2 重置初始密码

1.2.2.1 业务流程

用户初次成功登录账号后弹窗提示用户修改初始密码；

点击弹窗的【确定】按钮后页面跳转至重置初始密码页面；

1.2.2.2 页面原型

![image](https://internal-api-drive-stream.feishu.cn/space/api/box/stream/download/authcode/?code=Yzc5MzY4ZDFjNzUzODkzMDE1MjVlODY4ODgwMjJlNzlfYzkwNzE4MTNiYTYyODZhNjMxODBjMTk2ZDg5NGQyYzZfSUQ6NzUyNDkzMzk1NTY1NDg3NzE4Nl8xNzUyMTU1MDUyOjE3NTIyNDE0NTJfVjM)

1.2.2.3 业务逻辑

新密码输入框：输入密码后显示密码明文查看按钮及清空按钮，鼠标按下明文查看按钮密码明文展示，鼠标松开后密文展示，点击清空按钮清空已输入密码；

确认密码：输入密码后显示密码明文查看按钮及清空按钮，鼠标按下明文查看按钮密码明文展示，鼠标松开后密文展示，点击清空按钮清空已输入密码；

验证码：点击【获取验证码】按钮向登录账号绑定手机号发送6位随机数字验证码，验证码已发送后【获取验证码】按钮展示60秒倒计时，倒计时结束后恢复原状，验证码有效期为60秒；

所有输入框获取焦点时提示文字消失且输入框边框变为绿色，失去焦点时恢复原状；

【取消】按钮：点击【取消】按钮取消修改初始密码，返回至登录页面；

【提交】按钮：点击【提交】按钮依次校验密码、验证码，若某一项校验出问题则在对应输入框下方红字提醒用户错误原因，全部校验通过则提示重置密码成功，然后返回至登录页面；

1.2.3 找回密码

1.2.3.1 业务流程

用户打开登录网址进入登录页面；

忘记登录密码后在登录页面页面点击【找回密码】按钮进入找回密码页面；

1.2.3.2 页面原型

![image](https://internal-api-drive-stream.feishu.cn/space/api/box/stream/download/authcode/?code=NDFlMjA4NjA3YmI2NThhZGI4YzE4NGRiMmY3MmJlNWZfYWUwMjFkZTMzOTczODExMjFmODRhODgwYjcyMGY4OTRfSUQ6NzUyNDkzMzk1MzM5NTAxNTcwOF8xNzUyMTU1MDUyOjE3NTIyNDE0NTJfVjM)

1.2.3.3 业务逻辑

新密码输入框：输入密码后显示密码明文查看按钮及清空按钮，鼠标按下明文查看按钮密码明文展示，鼠标松开后密文展示，点击清空按钮清空已输入密码；

确认密码：输入密码后显示密码明文查看按钮及清空按钮，鼠标按下明文查看按钮密码明文展示，鼠标松开后密文展示，点击清空按钮清空已输入密码；

验证码：点击【获取验证码】按钮向登录账号绑定手机号发送6位随机数字验证码，验证码已发送后【获取验证码】按钮展示60秒倒计时，倒计时结束后恢复原状，验证码有效期为60秒；

所有输入框获取焦点时提示文字消失且输入框边框变为绿色，失去焦点时恢复原状；

【取消】按钮：点击【取消】按钮取消修改初始密码，返回至登录页面；

【提交】按钮：点击【提交】按钮依次校验密码、验证码，若某一项校验出问题则在对应输入框下方红字提醒用户错误原因，全部校验通过则提示重置密码成功，然后返回至登录页面；

1.2.4 修改密码

1.2.4.1 业务流程

用户成功登录账号；

在我的页面选择修改密码进入修改密码页面；

1.2.4.2 页面原型

![image](https://internal-api-drive-stream.feishu.cn/space/api/box/stream/download/authcode/?code=Zjk1NjM5NGUwYTlmMmRhODFlNDQxYTQ0NmE0ZjE4ZTFfMmI1YzBiZDRkZTE3MDQ2NWI3YWJhNWY0YjRmNjk3NTdfSUQ6NzUyNDkzMzk1NzE1OTM1NDM5Nl8xNzUyMTU1MDUzOjE3NTIyNDE0NTNfVjM)

1.2.4.3 业务逻辑

原密码输入框：输入密码后显示密码明文查看按钮及清空按钮，鼠标按下明文查看按钮密码明文展示，鼠标松开后密文展示，点击清空按钮清空已输入密码；

新密码输入框：输入密码后显示密码明文查看按钮及清空按钮，鼠标按下明文查看按钮密码明文展示，鼠标松开后密文展示，点击清空按钮清空已输入密码；

确认密码：输入密码后显示密码明文查看按钮及清空按钮，鼠标按下明文查看按钮密码明文展示，鼠标松开后密文展示，点击清空按钮清空已输入密码；

验证码：点击【获取验证码】按钮向登录账号绑定手机号发送6位随机数字验证码，验证码已发送后【获取验证码】按钮展示60秒倒计时，倒计时结束后恢复原状，验证码有效期为60秒；

所有输入框获取焦点时提示文字消失且输入框边框变为绿色，失去焦点时恢复原状；

【取消】按钮：点击【取消】按钮取消修改密码，返回至我的页面；

【提交】按钮：点击【提交】按钮依次校验密码、验证码，若某一项校验出问题则在对应输入框下方红字提醒用户错误原因，全部校验通过则提示重置密码成功；


2025-07-10 21:44:14,142 - main - INFO - 调用图谱重新生成测试用例
2025-07-10 21:44:14,143 - regenerate - INFO - [Step 1] 开始处理图像内容
2025-07-10 21:44:14,144 - regenerate - INFO - [Step 1] 发现 5 张图片，开始识别...
2025-07-10 21:44:14,144 - regenerate - INFO -   处理图片 1/5: https://internal-api-drive-stream.feishu.cn/space/...
2025-07-10 21:44:15,495 - httpx - INFO - HTTP Request: POST https://ark.cn-beijing.volces.com/api/v3/chat/completions "HTTP/1.1 400 Bad Request"
2025-07-10 21:44:15,496 - regenerate - WARNING -   图片尺寸过大，使用替代描述: https://internal-api-drive-stream.feishu.cn/space/api/box/stream/download/authcode/?code=NzJlNDUyZjlmYzc4MTVhNzRjNmJkZDIyZDhjODkxYTRfNmQ4Yzk2YTkxOTBkYmNkNmIxOGU4YTUwZDE0MTFkODBfSUQ6NzUyNDkzMzk1NzAyMTIzNzI1Ml8xNzUyMTU1MDUxOjE3NTIyNDE0NTFfVjM
2025-07-10 21:44:15,496 - regenerate - INFO -   处理图片 2/5: https://internal-api-drive-stream.feishu.cn/space/...
2025-07-10 21:44:21,036 - httpx - INFO - HTTP Request: POST https://ark.cn-beijing.volces.com/api/v3/chat/completions "HTTP/1.1 200 OK"
2025-07-10 21:44:21,042 - regenerate - INFO -   处理图片 3/5: https://internal-api-drive-stream.feishu.cn/space/...
2025-07-10 21:44:24,642 - httpx - INFO - HTTP Request: POST https://ark.cn-beijing.volces.com/api/v3/chat/completions "HTTP/1.1 200 OK"
2025-07-10 21:44:24,643 - regenerate - INFO -   处理图片 4/5: https://internal-api-drive-stream.feishu.cn/space/...
2025-07-10 21:44:30,975 - httpx - INFO - HTTP Request: POST https://ark.cn-beijing.volces.com/api/v3/chat/completions "HTTP/1.1 200 OK"
2025-07-10 21:44:30,976 - regenerate - INFO -   处理图片 5/5: https://internal-api-drive-stream.feishu.cn/space/...
2025-07-10 21:44:35,339 - httpx - INFO - HTTP Request: POST https://ark.cn-beijing.volces.com/api/v3/chat/completions "HTTP/1.1 200 OK"
2025-07-10 21:44:35,340 - regenerate - INFO - [Step 1] 图像处理完成，共处理 5 张图片
2025-07-10 21:44:35,340 - regenerate - INFO - ## B端产品登录功能需求文档范文

### 1.1 功能概述

1.1.1 业务流程图

【图像描述】页面结构示意图

1.1.2 功能架构

### 1.2 功能说明

1.2.1 账号登录

1.2.1.1 业务流程

用户打开登录网址进入登录页面；

输入登录账号、密码、验证码进行登录；

1.2.1.2 页面原型

【图像描述】### 登录模块
1. 步骤1：用户进入登录页
2. 关键控件：
   - 登录账号输入框：输入登录账号
   - 登录密码输入框：输入登录密码
   - 验证码输入框：输入验证码
   - 登录按钮：点击后触发登录验证
   - 忘记密码：点击后跳转至找回密码页面
3. 状态提示：
   - 输入错误账号/密码时，输入框下方显示红色提示：“账号或密码错误”
   - 提交成功时，页面跳转至首页

### 注册模块
1. 步骤1：用户进入注册页
2. 关键控件：
   - 登录账号输入框：输入登录账号
   - 登录密码输入框：输入登录密码
   - 确认密码输入框：再次输入登录密码
   - 验证码输入框：输入验证码
   - 获取验证码按钮：点击后获取验证码
   - 注册按钮：点击后触发注册验证
   - 取消按钮：点击后取消注册
3. 状态提示：
   - 输入错误密码时，输入框下方显示红色提示：“密码格式不正确”
   - 提交成功时，页面跳转至登录页并显示“注册成功”

### 首次登录模块
1. 步骤1：用户首次登录
2. 关键控件：
   - 提示框：显示“账号首次登录时需要重置初始密码！”
   - 确定按钮：点击后确认重置密码
3. 状态提示：
   - 点击确定按钮后，页面跳转至重置密码页

1.2.1.3 逻辑说明

账号输入框：输入账号后显示清空操作按钮，点击清空按钮清空已输入的账号；

密码输入框：输入密码后显示密码明文查看按钮及清空按钮，鼠标按下明文查看按钮密码明文展示，鼠标松开后密文展示，点击清空按钮清空已输入密码；

验证码：验证码为4位随机的大写英文字母，单击验证码展示区域刷新验证码，验证码有效期为60秒；

所有输入框获取焦点时提示文字消失且边框变为绿色，失去焦点时恢复原状；

【登录】按钮：点击【登录】按钮时依次校验登录账号、密码、验证码，若某一项校验出问题则在对应输入框下方红字提醒用户错误原因，全部校验通过则成功登录并进入系统首页；

【找回密码】按钮：点击【找回密码】按钮跳转至找回密码页面；

账号首次成功登录时弹窗提示账号首次登录时需修改初始密码，点击【确定】按钮跳转至修改初始密码页面，初始密码修改后需要重新输入账号、密码、验证码进行登录；

1.2.2 重置初始密码

1.2.2.1 业务流程

用户初次成功登录账号后弹窗提示用户修改初始密码；

点击弹窗的【确定】按钮后页面跳转至重置初始密码页面；

1.2.2.2 页面原型

【图像描述】模块名：修改初始密码模块

核心交互：
步骤1：用户进入修改初始密码页面
步骤2：输入新密码
步骤3：确认密码
步骤4：输入验证短信
步骤5：点击“提交”按钮

关键控件：
新密码输入框：输入8-10位密码，至少包括数字、小写字母、大写字母、特殊符号中的两种
确认密码输入框：输入8-10位密码，至少包括数字、小写字母、大写字母、特殊符号中的两种
验证短信输入框：输入验证码
获取验证码按钮：点击获取验证短信
取消按钮：点击取消修改密码操作
提交按钮：点击提交修改密码信息

状态提示：
无（图中未显示具体状态提示信息）

1.2.2.3 业务逻辑

新密码输入框：输入密码后显示密码明文查看按钮及清空按钮，鼠标按下明文查看按钮密码明文展示，鼠标松开后密文展示，点击清空按钮清空已输入密码；

确认密码：输入密码后显示密码明文查看按钮及清空按钮，鼠标按下明文查看按钮密码明文展示，鼠标松开后密文展示，点击清空按钮清空已输入密码；

验证码：点击【获取验证码】按钮向登录账号绑定手机号发送6位随机数字验证码，验证码已发送后【获取验证码】按钮展示60秒倒计时，倒计时结束后恢复原状，验证码有效期为60秒；

所有输入框获取焦点时提示文字消失且输入框边框变为绿色，失去焦点时恢复原状；

【取消】按钮：点击【取消】按钮取消修改初始密码，返回至登录页面；

【提交】按钮：点击【提交】按钮依次校验密码、验证码，若某一项校验出问题则在对应输入框下方红字提醒用户错误原因，全部校验通过则提示重置密码成功，然后返回至登录页面；

1.2.3 找回密码

1.2.3.1 业务流程

用户打开登录网址进入登录页面；

忘记登录密码后在登录页面页面点击【找回密码】按钮进入找回密码页面；

1.2.3.2 页面原型

【图像描述】### 找回密码模块
- **核心交互**：
  - 步骤1：用户进入找回密码页面
  - 步骤2：输入登录账号（手机号）
  - 步骤3：输入新密码（8-10位，至少包括数字、小写字母、大写字母、特殊符号中的两种）
  - 步骤4：确认新密码（与新密码一致）
  - 步骤5：点击“获取验证码”获取短信验证码
  - 步骤6：输入验证码
  - 步骤7：点击“提交”按钮提交信息（或点击“取消”按钮取消操作）

- **关键控件**：
  - 登录账号输入框：输入手机号
  - 新密码输入框：输入8-10位密码，至少包括数字、小写字母、大写字母、特殊符号中的两种
  - 确认密码输入框：再次输入密码，需与新密码一致
  - 验证码输入框：输入获取的短信验证码
  - 获取验证码按钮：点击获取短信验证码
  - 取消按钮：点击取消找回密码操作
  - 提交按钮：点击提交找回密码信息

- **状态提示**：
  - 输入密码不符合规则时（如长度不足、未包含两种类型字符等），输入框旁显示提示（至少包括数字、小写字母、大写字母、特殊符号中的两种）
  - 提交成功时，完成密码找回操作
  - 提交失败时（如验证码错误、账号不存在等），显示对应错误提示（如“验证码错误”“账号不存在”）

1.2.3.3 业务逻辑

新密码输入框：输入密码后显示密码明文查看按钮及清空按钮，鼠标按下明文查看按钮密码明文展示，鼠标松开后密文展示，点击清空按钮清空已输入密码；

确认密码：输入密码后显示密码明文查看按钮及清空按钮，鼠标按下明文查看按钮密码明文展示，鼠标松开后密文展示，点击清空按钮清空已输入密码；

验证码：点击【获取验证码】按钮向登录账号绑定手机号发送6位随机数字验证码，验证码已发送后【获取验证码】按钮展示60秒倒计时，倒计时结束后恢复原状，验证码有效期为60秒；

所有输入框获取焦点时提示文字消失且输入框边框变为绿色，失去焦点时恢复原状；

【取消】按钮：点击【取消】按钮取消修改初始密码，返回至登录页面；

【提交】按钮：点击【提交】按钮依次校验密码、验证码，若某一项校验出问题则在对应输入框下方红字提醒用户错误原因，全部校验通过则提示重置密码成功，然后返回至登录页面；

1.2.4 修改密码

1.2.4.1 业务流程

用户成功登录账号；

在我的页面选择修改密码进入修改密码页面；

1.2.4.2 页面原型

【图像描述】### 密码修改模块
1. **核心交互**：
    - 步骤1：用户进入密码修改页。
    - 步骤2：输入原密码。
    - 步骤3：输入新密码。
    - 步骤4：再次输入确认密码。
    - 步骤5：输入验证短信。
    - 步骤6：点击“提交”按钮。
2. **关键控件**：
    - 原密码输入框：输入原登录密码。
    - 新密码输入框：输入8-10位密码，至少包括数字、小写字母、大写字母、特殊符号中的两种。
    - 确认密码输入框：再次输入8-10位密码，至少包括数字、小写字母、大写字母、特殊符号中的两种。
    - 验证短信输入框：输入验证码。
    - 获取验证码按钮：点击后获取验证码。
    - 取消按钮：点击后取消密码修改操作。
    - 提交按钮：点击后触发密码修改验证。
3. **状态提示**：
    - 输入新密码或确认密码不符合要求时，输入框右侧显示提示：“至少包括数字、小写字母、大写字母、特殊符号中的两种”。
    - 提交成功时，完成密码修改操作。
    - 提交失败时，提示相应错误信息（如原密码错误、验证码错误等）。

1.2.4.3 业务逻辑

原密码输入框：输入密码后显示密码明文查看按钮及清空按钮，鼠标按下明文查看按钮密码明文展示，鼠标松开后密文展示，点击清空按钮清空已输入密码；

新密码输入框：输入密码后显示密码明文查看按钮及清空按钮，鼠标按下明文查看按钮密码明文展示，鼠标松开后密文展示，点击清空按钮清空已输入密码；

确认密码：输入密码后显示密码明文查看按钮及清空按钮，鼠标按下明文查看按钮密码明文展示，鼠标松开后密文展示，点击清空按钮清空已输入密码；

验证码：点击【获取验证码】按钮向登录账号绑定手机号发送6位随机数字验证码，验证码已发送后【获取验证码】按钮展示60秒倒计时，倒计时结束后恢复原状，验证码有效期为60秒；

所有输入框获取焦点时提示文字消失且输入框边框变为绿色，失去焦点时恢复原状；

【取消】按钮：点击【取消】按钮取消修改密码，返回至我的页面；

【提交】按钮：点击【提交】按钮依次校验密码、验证码，若某一项校验出问题则在对应输入框下方红字提醒用户错误原因，全部校验通过则提示重置密码成功；


2025-07-10 21:44:35,346 - regenerate - INFO - [重新生成 Step 2] 根据评测报告和反馈生成新的测试点
2025-07-10 21:44:35,350 - regenerate - INFO - reason: ## B端产品登录功能需求文档范文

### 1.1 功能概述

1.1.1 业务流程图

【图像描述】页面结构示意图

1.1.2 功能架构

### 1.2 功能说明

1.2.1 账号登录

1.2.1.1 业务流程

用户打开登录网址进入登录页面；

输入登录账号、密码、验证码进行登录；

1.2.1.2 页面原型

【图像描述】### 登录模块
1. 步骤1：用户进入登录页
2. 关键控件：
   - 登录账号输入框：输入登录账号
   - 登录密码输入框：输入登录密码
   - 验证码输入框：输入验证码
   - 登录按钮：点击后触发登录验证
   - 忘记密码：点击后跳转至找回密码页面
3. 状态提示：
   - 输入错误账号/密码时，输入框下方显示红色提示：“账号或密码错误”
   - 提交成功时，页面跳转至首页

### 注册模块
1. 步骤1：用户进入注册页
2. 关键控件：
   - 登录账号输入框：输入登录账号
   - 登录密码输入框：输入登录密码
   - 确认密码输入框：再次输入登录密码
   - 验证码输入框：输入验证码
   - 获取验证码按钮：点击后获取验证码
   - 注册按钮：点击后触发注册验证
   - 取消按钮：点击后取消注册
3. 状态提示：
   - 输入错误密码时，输入框下方显示红色提示：“密码格式不正确”
   - 提交成功时，页面跳转至登录页并显示“注册成功”

### 首次登录模块
1. 步骤1：用户首次登录
2. 关键控件：
   - 提示框：显示“账号首次登录时需要重置初始密码！”
   - 确定按钮：点击后确认重置密码
3. 状态提示：
   - 点击确定按钮后，页面跳转至重置密码页

1.2.1.3 逻辑说明

账号输入框：输入账号后显示清空操作按钮，点击清空按钮清空已输入的账号；

密码输入框：输入密码后显示密码明文查看按钮及清空按钮，鼠标按下明文查看按钮密码明文展示，鼠标松开后密文展示，点击清空按钮清空已输入密码；

验证码：验证码为4位随机的大写英文字母，单击验证码展示区域刷新验证码，验证码有效期为60秒；

所有输入框获取焦点时提示文字消失且边框变为绿色，失去焦点时恢复原状；

【登录】按钮：点击【登录】按钮时依次校验登录账号、密码、验证码，若某一项校验出问题则在对应输入框下方红字提醒用户错误原因，全部校验通过则成功登录并进入系统首页；

【找回密码】按钮：点击【找回密码】按钮跳转至找回密码页面；

账号首次成功登录时弹窗提示账号首次登录时需修改初始密码，点击【确定】按钮跳转至修改初始密码页面，初始密码修改后需要重新输入账号、密码、验证码进行登录；

1.2.2 重置初始密码

1.2.2.1 业务流程

用户初次成功登录账号后弹窗提示用户修改初始密码；

点击弹窗的【确定】按钮后页面跳转至重置初始密码页面；

1.2.2.2 页面原型

【图像描述】模块名：修改初始密码模块

核心交互：
步骤1：用户进入修改初始密码页面
步骤2：输入新密码
步骤3：确认密码
步骤4：输入验证短信
步骤5：点击“提交”按钮

关键控件：
新密码输入框：输入8-10位密码，至少包括数字、小写字母、大写字母、特殊符号中的两种
确认密码输入框：输入8-10位密码，至少包括数字、小写字母、大写字母、特殊符号中的两种
验证短信输入框：输入验证码
获取验证码按钮：点击获取验证短信
取消按钮：点击取消修改密码操作
提交按钮：点击提交修改密码信息

状态提示：
无（图中未显示具体状态提示信息）

1.2.2.3 业务逻辑

新密码输入框：输入密码后显示密码明文查看按钮及清空按钮，鼠标按下明文查看按钮密码明文展示，鼠标松开后密文展示，点击清空按钮清空已输入密码；

确认密码：输入密码后显示密码明文查看按钮及清空按钮，鼠标按下明文查看按钮密码明文展示，鼠标松开后密文展示，点击清空按钮清空已输入密码；

验证码：点击【获取验证码】按钮向登录账号绑定手机号发送6位随机数字验证码，验证码已发送后【获取验证码】按钮展示60秒倒计时，倒计时结束后恢复原状，验证码有效期为60秒；

所有输入框获取焦点时提示文字消失且输入框边框变为绿色，失去焦点时恢复原状；

【取消】按钮：点击【取消】按钮取消修改初始密码，返回至登录页面；

【提交】按钮：点击【提交】按钮依次校验密码、验证码，若某一项校验出问题则在对应输入框下方红字提醒用户错误原因，全部校验通过则提示重置密码成功，然后返回至登录页面；

1.2.3 找回密码

1.2.3.1 业务流程

用户打开登录网址进入登录页面；

忘记登录密码后在登录页面页面点击【找回密码】按钮进入找回密码页面；

1.2.3.2 页面原型

【图像描述】### 找回密码模块
- **核心交互**：
  - 步骤1：用户进入找回密码页面
  - 步骤2：输入登录账号（手机号）
  - 步骤3：输入新密码（8-10位，至少包括数字、小写字母、大写字母、特殊符号中的两种）
  - 步骤4：确认新密码（与新密码一致）
  - 步骤5：点击“获取验证码”获取短信验证码
  - 步骤6：输入验证码
  - 步骤7：点击“提交”按钮提交信息（或点击“取消”按钮取消操作）

- **关键控件**：
  - 登录账号输入框：输入手机号
  - 新密码输入框：输入8-10位密码，至少包括数字、小写字母、大写字母、特殊符号中的两种
  - 确认密码输入框：再次输入密码，需与新密码一致
  - 验证码输入框：输入获取的短信验证码
  - 获取验证码按钮：点击获取短信验证码
  - 取消按钮：点击取消找回密码操作
  - 提交按钮：点击提交找回密码信息

- **状态提示**：
  - 输入密码不符合规则时（如长度不足、未包含两种类型字符等），输入框旁显示提示（至少包括数字、小写字母、大写字母、特殊符号中的两种）
  - 提交成功时，完成密码找回操作
  - 提交失败时（如验证码错误、账号不存在等），显示对应错误提示（如“验证码错误”“账号不存在”）

1.2.3.3 业务逻辑

新密码输入框：输入密码后显示密码明文查看按钮及清空按钮，鼠标按下明文查看按钮密码明文展示，鼠标松开后密文展示，点击清空按钮清空已输入密码；

确认密码：输入密码后显示密码明文查看按钮及清空按钮，鼠标按下明文查看按钮密码明文展示，鼠标松开后密文展示，点击清空按钮清空已输入密码；

验证码：点击【获取验证码】按钮向登录账号绑定手机号发送6位随机数字验证码，验证码已发送后【获取验证码】按钮展示60秒倒计时，倒计时结束后恢复原状，验证码有效期为60秒；

所有输入框获取焦点时提示文字消失且输入框边框变为绿色，失去焦点时恢复原状；

【取消】按钮：点击【取消】按钮取消修改初始密码，返回至登录页面；

【提交】按钮：点击【提交】按钮依次校验密码、验证码，若某一项校验出问题则在对应输入框下方红字提醒用户错误原因，全部校验通过则提示重置密码成功，然后返回至登录页面；

1.2.4 修改密码

1.2.4.1 业务流程

用户成功登录账号；

在我的页面选择修改密码进入修改密码页面；

1.2.4.2 页面原型

【图像描述】### 密码修改模块
1. **核心交互**：
    - 步骤1：用户进入密码修改页。
    - 步骤2：输入原密码。
    - 步骤3：输入新密码。
    - 步骤4：再次输入确认密码。
    - 步骤5：输入验证短信。
    - 步骤6：点击“提交”按钮。
2. **关键控件**：
    - 原密码输入框：输入原登录密码。
    - 新密码输入框：输入8-10位密码，至少包括数字、小写字母、大写字母、特殊符号中的两种。
    - 确认密码输入框：再次输入8-10位密码，至少包括数字、小写字母、大写字母、特殊符号中的两种。
    - 验证短信输入框：输入验证码。
    - 获取验证码按钮：点击后获取验证码。
    - 取消按钮：点击后取消密码修改操作。
    - 提交按钮：点击后触发密码修改验证。
3. **状态提示**：
    - 输入新密码或确认密码不符合要求时，输入框右侧显示提示：“至少包括数字、小写字母、大写字母、特殊符号中的两种”。
    - 提交成功时，完成密码修改操作。
    - 提交失败时，提示相应错误信息（如原密码错误、验证码错误等）。

1.2.4.3 业务逻辑

原密码输入框：输入密码后显示密码明文查看按钮及清空按钮，鼠标按下明文查看按钮密码明文展示，鼠标松开后密文展示，点击清空按钮清空已输入密码；

新密码输入框：输入密码后显示密码明文查看按钮及清空按钮，鼠标按下明文查看按钮密码明文展示，鼠标松开后密文展示，点击清空按钮清空已输入密码；

确认密码：输入密码后显示密码明文查看按钮及清空按钮，鼠标按下明文查看按钮密码明文展示，鼠标松开后密文展示，点击清空按钮清空已输入密码；

验证码：点击【获取验证码】按钮向登录账号绑定手机号发送6位随机数字验证码，验证码已发送后【获取验证码】按钮展示60秒倒计时，倒计时结束后恢复原状，验证码有效期为60秒；

所有输入框获取焦点时提示文字消失且输入框边框变为绿色，失去焦点时恢复原状；

【取消】按钮：点击【取消】按钮取消修改密码，返回至我的页面；

【提交】按钮：点击【提交】按钮依次校验密码、验证码，若某一项校验出问题则在对应输入框下方红字提醒用户错误原因，全部校验通过则提示重置密码成功；


2025-07-10 21:45:24,878 - httpx - INFO - HTTP Request: POST https://ark.cn-beijing.volces.com/api/v3/chat/completions "HTTP/1.1 200 OK"
2025-07-10 21:45:24,879 - regenerate - INFO - [重新生成 Step 3] 根据新的测试点生成测试用例
2025-07-10 21:45:24,879 - regenerate - INFO - 生成第 1 个用例，第 1 次尝试
2025-07-10 21:45:24,889 - regenerate - INFO - 生成第 2 个用例，第 1 次尝试
2025-07-10 21:45:24,899 - regenerate - INFO - 生成第 3 个用例，第 1 次尝试
2025-07-10 21:45:24,909 - regenerate - INFO - 生成第 4 个用例，第 1 次尝试
2025-07-10 21:45:24,918 - regenerate - INFO - 生成第 5 个用例，第 1 次尝试
2025-07-10 21:45:24,932 - regenerate - INFO - 生成第 6 个用例，第 1 次尝试
2025-07-10 21:45:24,945 - regenerate - INFO - 生成第 7 个用例，第 1 次尝试
2025-07-10 21:45:24,955 - regenerate - INFO - 生成第 8 个用例，第 1 次尝试
2025-07-10 21:45:24,966 - regenerate - INFO - 生成第 9 个用例，第 1 次尝试
2025-07-10 21:45:24,975 - regenerate - INFO - 生成第 10 个用例，第 1 次尝试
2025-07-10 21:45:24,986 - regenerate - INFO - 生成第 11 个用例，第 1 次尝试
2025-07-10 21:45:24,997 - regenerate - INFO - 生成第 12 个用例，第 1 次尝试
2025-07-10 21:45:25,007 - regenerate - INFO - 生成第 13 个用例，第 1 次尝试
2025-07-10 21:45:25,017 - regenerate - INFO - 生成第 14 个用例，第 1 次尝试
2025-07-10 21:45:25,027 - regenerate - INFO - 生成第 15 个用例，第 1 次尝试
2025-07-10 21:45:25,037 - regenerate - INFO - 生成第 16 个用例，第 1 次尝试
2025-07-10 21:45:25,047 - regenerate - INFO - 生成第 17 个用例，第 1 次尝试
2025-07-10 21:45:25,057 - regenerate - INFO - 生成第 18 个用例，第 1 次尝试
2025-07-10 21:45:25,072 - regenerate - INFO - 生成第 19 个用例，第 1 次尝试
2025-07-10 21:45:25,084 - regenerate - INFO - 生成第 20 个用例，第 1 次尝试
2025-07-10 21:45:25,093 - regenerate - INFO - 生成第 21 个用例，第 1 次尝试
2025-07-10 21:45:25,108 - regenerate - INFO - 生成第 22 个用例，第 1 次尝试
2025-07-10 21:45:25,121 - regenerate - INFO - 生成第 23 个用例，第 1 次尝试
2025-07-10 21:45:25,135 - regenerate - INFO - 生成第 24 个用例，第 1 次尝试
2025-07-10 21:45:25,147 - regenerate - INFO - 生成第 25 个用例，第 1 次尝试
2025-07-10 21:45:25,159 - regenerate - INFO - 生成第 26 个用例，第 1 次尝试
2025-07-10 21:45:25,172 - regenerate - INFO - 生成第 27 个用例，第 1 次尝试
2025-07-10 21:45:25,183 - regenerate - INFO - 生成第 28 个用例，第 1 次尝试
2025-07-10 21:45:25,199 - regenerate - INFO - 生成第 29 个用例，第 1 次尝试
2025-07-10 21:45:25,214 - regenerate - INFO - 生成第 30 个用例，第 1 次尝试
2025-07-10 21:45:31,456 - httpx - INFO - HTTP Request: POST https://ark.cn-beijing.volces.com/api/v3/chat/completions "HTTP/1.1 200 OK"
2025-07-10 21:45:31,456 - regenerate - INFO -  第 15 个用例生成成功，用时 6.43s
2025-07-10 21:45:31,456 - regenerate - INFO - 生成第 31 个用例，第 1 次尝试
2025-07-10 21:45:33,481 - httpx - INFO - HTTP Request: POST https://ark.cn-beijing.volces.com/api/v3/chat/completions "HTTP/1.1 200 OK"
2025-07-10 21:45:33,482 - regenerate - INFO -  第 3 个用例生成成功，用时 8.58s
2025-07-10 21:45:33,482 - regenerate - INFO - 生成第 32 个用例，第 1 次尝试
2025-07-10 21:45:34,694 - httpx - INFO - HTTP Request: POST https://ark.cn-beijing.volces.com/api/v3/chat/completions "HTTP/1.1 200 OK"
2025-07-10 21:45:34,695 - regenerate - INFO -  第 6 个用例生成成功，用时 9.76s
2025-07-10 21:45:34,695 - regenerate - INFO - 生成第 33 个用例，第 1 次尝试
2025-07-10 21:45:34,881 - httpx - INFO - HTTP Request: POST https://ark.cn-beijing.volces.com/api/v3/chat/completions "HTTP/1.1 200 OK"
2025-07-10 21:45:34,882 - regenerate - INFO -  第 16 个用例生成成功，用时 9.84s
2025-07-10 21:45:34,882 - regenerate - INFO - 生成第 34 个用例，第 1 次尝试
2025-07-10 21:45:35,658 - httpx - INFO - HTTP Request: POST https://ark.cn-beijing.volces.com/api/v3/chat/completions "HTTP/1.1 200 OK"
2025-07-10 21:45:35,659 - regenerate - INFO -  第 23 个用例生成成功，用时 10.54s
2025-07-10 21:45:35,659 - regenerate - INFO - 生成第 35 个用例，第 1 次尝试
2025-07-10 21:45:35,969 - httpx - INFO - HTTP Request: POST https://ark.cn-beijing.volces.com/api/v3/chat/completions "HTTP/1.1 200 OK"
2025-07-10 21:45:35,970 - regenerate - INFO -  第 21 个用例生成成功，用时 10.88s
2025-07-10 21:45:35,970 - regenerate - INFO - 生成第 36 个用例，第 1 次尝试
2025-07-10 21:45:36,238 - httpx - INFO - HTTP Request: POST https://ark.cn-beijing.volces.com/api/v3/chat/completions "HTTP/1.1 200 OK"
2025-07-10 21:45:36,238 - regenerate - INFO -  第 27 个用例生成成功，用时 11.07s
2025-07-10 21:45:36,238 - regenerate - INFO - 生成第 37 个用例，第 1 次尝试
2025-07-10 21:45:36,683 - httpx - INFO - HTTP Request: POST https://ark.cn-beijing.volces.com/api/v3/chat/completions "HTTP/1.1 200 OK"
2025-07-10 21:45:36,684 - regenerate - INFO -  第 29 个用例生成成功，用时 11.48s
2025-07-10 21:45:36,684 - regenerate - INFO - 生成第 38 个用例，第 1 次尝试
2025-07-10 21:45:37,174 - httpx - INFO - HTTP Request: POST https://ark.cn-beijing.volces.com/api/v3/chat/completions "HTTP/1.1 200 OK"
2025-07-10 21:45:37,175 - regenerate - INFO -  第 14 个用例生成成功，用时 12.16s
2025-07-10 21:45:37,175 - regenerate - INFO - 生成第 39 个用例，第 1 次尝试
2025-07-10 21:45:37,317 - httpx - INFO - HTTP Request: POST https://ark.cn-beijing.volces.com/api/v3/chat/completions "HTTP/1.1 200 OK"
2025-07-10 21:45:37,318 - regenerate - INFO -  第 7 个用例生成成功，用时 12.37s
2025-07-10 21:45:37,318 - regenerate - INFO - 生成第 40 个用例，第 1 次尝试
2025-07-10 21:45:37,503 - httpx - INFO - HTTP Request: POST https://ark.cn-beijing.volces.com/api/v3/chat/completions "HTTP/1.1 200 OK"
2025-07-10 21:45:37,504 - regenerate - INFO -  第 9 个用例生成成功，用时 12.54s
2025-07-10 21:45:37,504 - regenerate - INFO - 生成第 41 个用例，第 1 次尝试
2025-07-10 21:45:37,924 - httpx - INFO - HTTP Request: POST https://ark.cn-beijing.volces.com/api/v3/chat/completions "HTTP/1.1 200 OK"
2025-07-10 21:45:37,925 - regenerate - INFO -  第 5 个用例生成成功，用时 13.01s
2025-07-10 21:45:37,925 - regenerate - INFO - 生成第 42 个用例，第 1 次尝试
2025-07-10 21:45:38,085 - httpx - INFO - HTTP Request: POST https://ark.cn-beijing.volces.com/api/v3/chat/completions "HTTP/1.1 200 OK"
2025-07-10 21:45:38,085 - regenerate - INFO -  第 1 个用例生成成功，用时 13.21s
2025-07-10 21:45:38,086 - regenerate - INFO - 生成第 43 个用例，第 1 次尝试
2025-07-10 21:45:38,489 - httpx - INFO - HTTP Request: POST https://ark.cn-beijing.volces.com/api/v3/chat/completions "HTTP/1.1 200 OK"
2025-07-10 21:45:38,489 - regenerate - INFO -  第 11 个用例生成成功，用时 13.50s
2025-07-10 21:45:38,490 - regenerate - INFO - 生成第 44 个用例，第 1 次尝试
2025-07-10 21:45:38,684 - httpx - INFO - HTTP Request: POST https://ark.cn-beijing.volces.com/api/v3/chat/completions "HTTP/1.1 200 OK"
2025-07-10 21:45:38,685 - regenerate - INFO -  第 30 个用例生成成功，用时 13.47s
2025-07-10 21:45:38,685 - regenerate - INFO - 生成第 45 个用例，第 1 次尝试
2025-07-10 21:45:38,795 - httpx - INFO - HTTP Request: POST https://ark.cn-beijing.volces.com/api/v3/chat/completions "HTTP/1.1 200 OK"
2025-07-10 21:45:38,795 - regenerate - INFO -  第 2 个用例生成成功，用时 13.91s
2025-07-10 21:45:38,795 - regenerate - INFO - 生成第 46 个用例，第 1 次尝试
2025-07-10 21:45:38,928 - httpx - INFO - HTTP Request: POST https://ark.cn-beijing.volces.com/api/v3/chat/completions "HTTP/1.1 200 OK"
2025-07-10 21:45:38,928 - regenerate - INFO -  第 22 个用例生成成功，用时 13.82s
2025-07-10 21:45:38,928 - regenerate - INFO - 生成第 47 个用例，第 1 次尝试
2025-07-10 21:45:39,207 - httpx - INFO - HTTP Request: POST https://ark.cn-beijing.volces.com/api/v3/chat/completions "HTTP/1.1 200 OK"
2025-07-10 21:45:39,207 - regenerate - INFO -  第 13 个用例生成成功，用时 14.20s
2025-07-10 21:45:39,207 - regenerate - INFO - 生成第 48 个用例，第 1 次尝试
2025-07-10 21:45:39,359 - httpx - INFO - HTTP Request: POST https://ark.cn-beijing.volces.com/api/v3/chat/completions "HTTP/1.1 200 OK"
2025-07-10 21:45:39,360 - regenerate - INFO -  第 4 个用例生成成功，用时 14.45s
2025-07-10 21:45:39,360 - regenerate - INFO - 生成第 49 个用例，第 1 次尝试
2025-07-10 21:45:39,513 - httpx - INFO - HTTP Request: POST https://ark.cn-beijing.volces.com/api/v3/chat/completions "HTTP/1.1 200 OK"
2025-07-10 21:45:39,514 - regenerate - INFO -  第 18 个用例生成成功，用时 14.46s
2025-07-10 21:45:39,514 - regenerate - INFO - 生成第 50 个用例，第 1 次尝试
2025-07-10 21:45:39,529 - httpx - INFO - HTTP Request: POST https://ark.cn-beijing.volces.com/api/v3/chat/completions "HTTP/1.1 200 OK"
2025-07-10 21:45:39,532 - regenerate - INFO -  第 25 个用例生成成功，用时 14.38s
2025-07-10 21:45:39,532 - regenerate - INFO - 生成第 51 个用例，第 1 次尝试
2025-07-10 21:45:39,634 - httpx - INFO - HTTP Request: POST https://ark.cn-beijing.volces.com/api/v3/chat/completions "HTTP/1.1 200 OK"
2025-07-10 21:45:39,635 - regenerate - INFO -  第 24 个用例生成成功，用时 14.50s
2025-07-10 21:45:39,635 - regenerate - INFO - 生成第 52 个用例，第 1 次尝试
2025-07-10 21:45:40,400 - httpx - INFO - HTTP Request: POST https://ark.cn-beijing.volces.com/api/v3/chat/completions "HTTP/1.1 200 OK"
2025-07-10 21:45:40,401 - regenerate - INFO -  第 17 个用例生成成功，用时 15.35s
2025-07-10 21:45:40,401 - regenerate - INFO - 生成第 53 个用例，第 1 次尝试
2025-07-10 21:45:40,635 - httpx - INFO - HTTP Request: POST https://ark.cn-beijing.volces.com/api/v3/chat/completions "HTTP/1.1 200 OK"
2025-07-10 21:45:40,636 - regenerate - INFO -  第 19 个用例生成成功，用时 15.56s
2025-07-10 21:45:40,636 - regenerate - INFO - 生成第 54 个用例，第 1 次尝试
2025-07-10 21:45:41,889 - httpx - INFO - HTTP Request: POST https://ark.cn-beijing.volces.com/api/v3/chat/completions "HTTP/1.1 200 OK"
2025-07-10 21:45:41,890 - regenerate - INFO -  第 20 个用例生成成功，用时 16.81s
2025-07-10 21:45:41,890 - regenerate - INFO - 生成第 55 个用例，第 1 次尝试
2025-07-10 21:45:42,595 - httpx - INFO - HTTP Request: POST https://ark.cn-beijing.volces.com/api/v3/chat/completions "HTTP/1.1 200 OK"
2025-07-10 21:45:42,599 - regenerate - INFO -  第 31 个用例生成成功，用时 11.14s
2025-07-10 21:45:42,599 - regenerate - INFO - 生成第 56 个用例，第 1 次尝试
2025-07-10 21:45:43,092 - httpx - INFO - HTTP Request: POST https://ark.cn-beijing.volces.com/api/v3/chat/completions "HTTP/1.1 200 OK"
2025-07-10 21:45:43,093 - regenerate - INFO -  第 12 个用例生成成功，用时 18.10s
2025-07-10 21:45:43,093 - regenerate - INFO - 生成第 57 个用例，第 1 次尝试
2025-07-10 21:45:43,747 - httpx - INFO - HTTP Request: POST https://ark.cn-beijing.volces.com/api/v3/chat/completions "HTTP/1.1 200 OK"
2025-07-10 21:45:43,749 - regenerate - INFO -  第 28 个用例生成成功，用时 18.56s
2025-07-10 21:45:43,749 - regenerate - INFO - 生成第 58 个用例，第 1 次尝试
2025-07-10 21:45:43,936 - httpx - INFO - HTTP Request: POST https://ark.cn-beijing.volces.com/api/v3/chat/completions "HTTP/1.1 200 OK"
2025-07-10 21:45:43,938 - regenerate - INFO -  第 26 个用例生成成功，用时 18.78s
2025-07-10 21:45:43,938 - regenerate - INFO - 生成第 59 个用例，第 1 次尝试
2025-07-10 21:45:44,071 - httpx - INFO - HTTP Request: POST https://ark.cn-beijing.volces.com/api/v3/chat/completions "HTTP/1.1 200 OK"
2025-07-10 21:45:44,072 - regenerate - INFO -  第 8 个用例生成成功，用时 19.12s
2025-07-10 21:45:44,072 - regenerate - INFO - 生成第 60 个用例，第 1 次尝试
2025-07-10 21:45:45,365 - httpx - INFO - HTTP Request: POST https://ark.cn-beijing.volces.com/api/v3/chat/completions "HTTP/1.1 200 OK"
2025-07-10 21:45:45,367 - regenerate - INFO -  第 32 个用例生成成功，用时 11.88s
2025-07-10 21:45:45,367 - regenerate - INFO - 生成第 61 个用例，第 1 次尝试
2025-07-10 21:45:46,011 - httpx - INFO - HTTP Request: POST https://ark.cn-beijing.volces.com/api/v3/chat/completions "HTTP/1.1 200 OK"
2025-07-10 21:45:46,012 - regenerate - INFO -  第 10 个用例生成成功，用时 21.04s
2025-07-10 21:45:46,290 - httpx - INFO - HTTP Request: POST https://ark.cn-beijing.volces.com/api/v3/chat/completions "HTTP/1.1 200 OK"
2025-07-10 21:45:46,291 - regenerate - INFO -  第 33 个用例生成成功，用时 11.60s
2025-07-10 21:45:46,704 - httpx - INFO - HTTP Request: POST https://ark.cn-beijing.volces.com/api/v3/chat/completions "HTTP/1.1 200 OK"
2025-07-10 21:45:46,704 - regenerate - INFO -  第 37 个用例生成成功，用时 10.47s
2025-07-10 21:45:48,826 - httpx - INFO - HTTP Request: POST https://ark.cn-beijing.volces.com/api/v3/chat/completions "HTTP/1.1 200 OK"
2025-07-10 21:45:48,827 - regenerate - INFO -  第 49 个用例生成成功，用时 9.47s
2025-07-10 21:45:49,275 - httpx - INFO - HTTP Request: POST https://ark.cn-beijing.volces.com/api/v3/chat/completions "HTTP/1.1 200 OK"
2025-07-10 21:45:49,276 - regenerate - INFO -  第 36 个用例生成成功，用时 13.31s
2025-07-10 21:45:49,493 - httpx - INFO - HTTP Request: POST https://ark.cn-beijing.volces.com/api/v3/chat/completions "HTTP/1.1 200 OK"
2025-07-10 21:45:49,493 - regenerate - INFO -  第 46 个用例生成成功，用时 10.70s
2025-07-10 21:45:49,942 - uvicorn.error - INFO - Shutting down
2025-07-10 21:45:49,989 - httpx - INFO - HTTP Request: POST https://ark.cn-beijing.volces.com/api/v3/chat/completions "HTTP/1.1 200 OK"
2025-07-10 21:45:49,990 - regenerate - INFO -  第 41 个用例生成成功，用时 12.49s
2025-07-10 21:45:50,052 - uvicorn.error - INFO - Waiting for background tasks to complete. (CTRL+C to force quit)
2025-07-10 21:45:50,179 - httpx - INFO - HTTP Request: POST https://ark.cn-beijing.volces.com/api/v3/chat/completions "HTTP/1.1 200 OK"
2025-07-10 21:45:50,179 - regenerate - INFO -  第 43 个用例生成成功，用时 12.09s
2025-07-10 21:45:50,225 - httpx - INFO - HTTP Request: POST https://ark.cn-beijing.volces.com/api/v3/chat/completions "HTTP/1.1 200 OK"
2025-07-10 21:45:50,226 - regenerate - INFO -  第 47 个用例生成成功，用时 11.30s
2025-07-10 21:45:50,406 - httpx - INFO - HTTP Request: POST https://ark.cn-beijing.volces.com/api/v3/chat/completions "HTTP/1.1 200 OK"
2025-07-10 21:45:50,407 - regenerate - INFO -  第 44 个用例生成成功，用时 11.92s
